[amitarasa.com/index.html]
[amitarasa.com/wp-content/themes/amitarasa/assets/img/fav.png]
[amitarasa.com/wp-content/themes/amitarasa/assets/img/preview.jpg]
[maxcdn.bootstrapcdn.com/bootstrap/4.0.0/css/bootstrap.min.css]
[amitarasa.com/wp-content/themes/amitarasa/assets/css/owl.carousel.min.css]
[amitarasa.com/wp-content/themes/amitarasa/assets/css/custom.css]
[cdnjs.cloudflare.com/ajax/libs/animate.css/4.1.1/animate.min.css]
[ajax.googleapis.com/ajax/libs/jquery/3.5.1/jquery.min.js]
[cdnjs.cloudflare.com/ajax/libs/popper.js/1.12.9/umd/popper.min.js]
[maxcdn.bootstrapcdn.com/bootstrap/4.0.0/js/bootstrap.min.js]
[amitarasa.com/wp-content/themes/amitarasa/assets/js/owl.carousel.min.js]
[backblue.gif]
[fade.gif]
[index.html]
[player.vimeo.com/api/player.js]
[amitarasa.com/wp-includes/css/dist/block-library/style.mine2db.css]
[amitarasa.com/feed/index.html]
[amitarasa.com/wp-content/plugins/contact-form-7/includes/css/styles7e15.css]
[amitarasa.com/comments/feed/index.html]
[amitarasa.com/wp-json/wp/v2/pages/7.json]
[amitarasa.com/xmlrpc0db0.php]
[amitarasa.com/wp-includes/wlwmanifest.xml]
[amitarasa.com/wp-json/oembed/1.0/embed1dbd.json]
[amitarasa.com/wp-json/oembed/1.0/embed0976]
[amitarasa.com/wp-json/index.html]
[amitarasa.com/wp-content/themes/amitarasa/assets/img/mantapa/A_Mantapa_01.jpg]
[amitarasa.com/wp-content/themes/amitarasa/assets/img/mantapa/A_Mantapa_02.jpg]
[amitarasa.com/wp-content/themes/amitarasa/assets/img/mantapa/A_Mantapa_03.jpg]
[amitarasa.com/wp-content/themes/amitarasa/assets/img/mantapa/A_Mantapa_04.jpg]
[amitarasa.com/wp-content/themes/amitarasa/assets/img/mantapa/A_Mantapa_05.jpg]
[amitarasa.com/wp-content/themes/amitarasa/assets/img/mantapa/A_Mantapa_06.jpg]
[amitarasa.com/wp-content/themes/amitarasa/assets/img/kalyani/B_Kalyani_01.jpg]
[amitarasa.com/wp-content/themes/amitarasa/assets/img/kalyani/B_Kalyani_02.jpg]
[amitarasa.com/wp-content/themes/amitarasa/assets/img/kalyani/B_Kalyani_03.jpg]
[amitarasa.com/wp-content/themes/amitarasa/assets/img/kalyani/B_Kalyani_04.jpg]
[amitarasa.com/wp-content/themes/amitarasa/assets/img/bagh/C_Bagh_01.jpg]
[amitarasa.com/wp-content/themes/amitarasa/assets/img/bagh/C_Bagh_02.jpg]
[amitarasa.com/wp-content/themes/amitarasa/assets/img/bagh/C_Bagh_03.jpg]
[amitarasa.com/wp-content/themes/amitarasa/assets/img/bagh/C_Bagh_04.jpg]
[amitarasa.com/wp-content/themes/amitarasa/assets/img/Aahara/D_Aahara_01.jpg]
[amitarasa.com/wp-content/themes/amitarasa/assets/img/Aahara/D_Aahara_02.jpg]
[amitarasa.com/wp-content/themes/amitarasa/assets/img/Aahara/D_Aahara_03.jpg]
[amitarasa.com/wp-content/themes/amitarasa/assets/img/Aahara/D_Aahara_04.jpg]
[amitarasa.com/wp-content/themes/amitarasa/assets/img/akasha/E_Akasha_01.jpg]
[amitarasa.com/wp-content/themes/amitarasa/assets/img/akasha/E_Akasha_02.jpg]
[amitarasa.com/wp-content/themes/amitarasa/assets/img/akasha/E_Akasha_03.jpg]
[amitarasa.com/wp-content/themes/amitarasa/assets/img/akasha/E_Akasha_04.jpg]
[amitarasa.com/wp-content/themes/amitarasa/assets/img/map.png]
[amitarasa.com/wp-content/themes/amitarasa/assets/img/F_Decor_01.jpg]
[amitarasa.com/wp-content/themes/amitarasa/assets/img/F_Decor_02.jpg]
[amitarasa.com/wp-content/themes/amitarasa/assets/img/F_Decor_03.jpg]
[amitarasa.com/wp-content/themes/amitarasa/assets/img/F_Decor_04.jpg]
[amitarasa.com/wp-content/themes/amitarasa/assets/img/F_Decor_05.jpg]
[amitarasa.com/wp-content/themes/amitarasa/assets/img/F_Decor_06.jpg]
[amitarasa.com/wp-content/themes/amitarasa/assets/img/F_Decor_07.jpg]
[amitarasa.com/wp-content/themes/amitarasa/assets/img/F_Decor_08.jpg]
[amitarasa.com/wp-content/themes/amitarasa/assets/img/H_Events_01.jpg]
[amitarasa.com/wp-content/themes/amitarasa/assets/img/H_Events_02.jpg]
[amitarasa.com/wp-content/themes/amitarasa/assets/img/H_Events_03.jpg]
[amitarasa.com/wp-content/themes/amitarasa/assets/img/G_GuestBook_01.jpg]
[amitarasa.com/wp-content/themes/amitarasa/assets/img/G_GuestBook_02.jpg]
[amitarasa.com/wp-content/themes/amitarasa/assets/img/G_GuestBook_03.jpg]
[amitarasa.com/wp-includes/js/dist/vendor/regenerator-runtime.min3937.js]
[amitarasa.com/wp-includes/js/dist/vendor/wp-polyfill.min2c7c.js]
[amitarasa.com/wp-content/plugins/contact-form-7/includes/js/index7e15.js]
[amitarasa.com/index.html]
[amitarasa.com/wp-content/themes/amitarasa/assets/img/red-logo.svg]
[maxcdn.bootstrapcdn.com/bootstrap/4.0.0/css/bootstrap.min.css]
[amitarasa.com/wp-content/themes/amitarasa/assets/css/owl.carousel.min.css]
[amitarasa.com/wp-content/themes/amitarasa/assets/fonts/BegumSans-Regular.woff]
[amitarasa.com/wp-content/themes/amitarasa/assets/fonts/BegumSans-Regular.woff2]
[amitarasa.com/wp-content/themes/amitarasa/assets/fonts/BegumSans-Medium.woff]
[amitarasa.com/wp-content/themes/amitarasa/assets/fonts/BegumSans-Medium.woff2]
[amitarasa.com/wp-content/themes/amitarasa/assets/css/custom.css]
[cdnjs.cloudflare.com/ajax/libs/animate.css/4.1.1/animate.min.css]
[amitarasa.com/wp-includes/css/dist/block-library/style.mine2db.css]
[amitarasa.com/wp-content/plugins/contact-form-7/includes/css/styles7e15.css]
[amitarasa.com/wp-content/themes/amitarasa/assets/img/white-logo.svg]
[amitarasa.com/wp-content/themes/amitarasa/assets/img/icon1.svg]
[amitarasa.com/wp-content/themes/amitarasa/assets/img/icon2.svg]
[amitarasa.com/wp-content/themes/amitarasa/assets/img/icon3.svg]
[amitarasa.com/wp-content/themes/amitarasa/assets/img/icon4.svg]
[amitarasa.com/wp-content/themes/amitarasa/assets/img/icon5.svg]
[amitarasa.com/wp-content/themes/amitarasa/assets/img/icon6.svg]
[amitarasa.com/wp-content/themes/amitarasa/assets/img/icon7.svg]
[amitarasa.com/wp-content/themes/amitarasa/assets/img/icon8.svg]
[amitarasa.com/wp-content/themes/amitarasa/assets/img/icon9.svg]
[amitarasa.com/wp-content/themes/amitarasa/assets/img/icon10.svg]
[amitarasa.com/wp-content/themes/amitarasa/assets/img/icon11.svg]
[amitarasa.com/wp-content/themes/amitarasa/assets/img/grey-logo.svg]
[amitarasa.com/wp-content/themes/amitarasa/assets/img/instagram.svg]
[amitarasa.com/wp-content/themes/amitarasa/assets/img/facebook.svg]
[amitarasa.com/wp-content/themes/amitarasa/assets/css/owl.video.play.html]
