[kingsclub.in/index.html]
[backblue.gif]
[fade.gif]
[index.html]
[kingsclub.in/wp-content/cache/wpfc-minified/euixpr81/8hrt7.css]
[kingsclub.in/wp-content/themes/astra/assets/fonts/astra.woff]
[kingsclub.in/feed/index.html]
[kingsclub.in/wp-content/cache/wpfc-minified/etykd6a5/8hrt7.css]
[kingsclub.in/comments/feed/index.html]
[kingsclub.in/wp-content/cache/wpfc-minified/1pa62gy3/8hrt7.css]
[kingsclub.in/wp-content/cache/wpfc-minified/dpya4ymz/8hrt7.css]
[kingsclub.in/wp-content/cache/wpfc-minified/jymmlvif/8hrt7.css]
[kingsclub.in/wp-content/cache/wpfc-minified/79o5udx6/8hrt7.css]
[kingsclub.in/wp-content/cache/wpfc-minified/ehq8xq2r/8hrt7.css]
[kingsclub.in/wp-content/cache/wpfc-minified/epcixw17/8hrt7.css]
[kingsclub.in/wp-content/cache/wpfc-minified/lxv35h65/8hrt7.css]
[kingsclub.in/wp-content/cache/wpfc-minified/fenpg5cn/8hrt7.css]
[kingsclub.in/wp-content/cache/wpfc-minified/v4n49x/8hrt7.css]
[kingsclub.in/wp-content/cache/wpfc-minified/8lgck1dr/8hrt7.css]
[kingsclub.in/wp-content/cache/wpfc-minified/e1vwdeq7/8hrt7.css]
[kingsclub.in/wp-content/cache/wpfc-minified/kpnngyau/8hrt7.css]
[kingsclub.in/wp-content/uploads/elementor/css/post-20b3cc.css]
[kingsclub.in/wp-content/cache/wpfc-minified/d360y11f/8hrt7.css]
[kingsclub.in/wp-content/uploads/elementor/css/post-2943758.css]
[kingsclub.in/wp-content/cache/wpfc-minified/2om1pgcg/8hrt7.css]
[kingsclub.in/wp-content/uploads/elementor/css/post-201195a.css]
[kingsclub.in/wp-content/cache/wpfc-minified/eteal7jm/8hrt7.css]
[kingsclub.in/wp-content/cache/wpfc-minified/qa95k2fg/8hrt7.css]
[kingsclub.in/wp-content/cache/wpfc-minified/djke9l19/8hrt7.css]
[kingsclub.in/wp-content/cache/wpfc-minified/mle9mlvs/8hrt7.css]
[kingsclub.in/wp-content/cache/wpfc-minified/h7kmgoc/8hrt7.css]
[kingsclub.in/wp-content/cache/wpfc-minified/fcqw7zjv/8hrt7.css]
[kingsclub.in/wp-content/cache/wpfc-minified/95akmeqq/8hrt7.css]
[kingsclub.in/wp-content/cache/wpfc-minified/e738km3s/8hrt7.css]
[kingsclub.in/wp-content/cache/wpfc-minified/fokn9o1x/8hrt7.css]
[kingsclub.in/wp-content/cache/wpfc-minified/1rpv5tln/8hrt7.js]
[kingsclub.in/wp-json/index.html]
[kingsclub.in/wp-json/wp/v2/pages/294.json]
[kingsclub.in/xmlrpc0db0.php]
[kingsclub.in/wp-json/oembed/1.0/embedf8c3.json]
[kingsclub.in/wp-json/oembed/1.0/embedbf75]
[kingsclub.in/wp-content/uploads/2021/03/trajanpro-bold.otf]
[connect.facebook.net/en_US/fbevents.js]
[kingsclub.in/wp-content/plugins/3d-flipbook-dflip-lite/assets/index.html]
[kingsclub.in/wp-content/uploads/2021/03/cropped-lion-new-32x32.png]
[kingsclub.in/wp-content/uploads/2021/03/cropped-lion-new-192x192.png]
[kingsclub.in/wp-content/uploads/2021/03/cropped-lion-new-180x180.png]
[kingsclub.in/wp-content/uploads/2020/12/logo-180x102.png]
[kingsclub.in/wp-content/uploads/elementor/thumbs/WhatsApp-Image-2020-11-29-at-3.20.56-PM-p3vhwll5ovygmhn5hylifavcbz761vy2ppqqz1y4xo.jpg]
[kingsclub.in/wp-content/uploads/2020/12/THUMB-NALE-VIDEO-IMAGE.jpg]
[kingsclub.in/sports/index.html]
[kingsclub.in/banquets/index.html]
[kingsclub.in/wp-content/uploads/2021/03/Kings-Club-Brochure.pdf]
[kingsclub.in/blog/index.html]
[kingsclub.in/rooms/index.html]
[kingsclub.in/restaurant/index.html]
[kingsclub.in/wp-content/uploads/2020/12/Table-Tennis.jpg]
[kingsclub.in/contact/index.html]
[kingsclub.in/summer-camp/index.html]
[kingsclub.in/club-membership/index.html]
[kingsclub.in/wp-content/uploads/2020/12/Health-Fitness.jpg]
[kingsclub.in/wp-content/uploads/2020/12/Entertainment.jpg]
[kingsclub.in/wp-content/uploads/2020/12/Events.jpg]
[kingsclub.in/wp-content/uploads/2020/12/Restaurant.jpg]
[kingsclub.in/table-tennis/index.html]
[kingsclub.in/wp-content/uploads/2021/03/Table-Tennis.png]
[kingsclub.in/wp-content/uploads/2021/03/Badminton.png]
[kingsclub.in/wp-content/uploads/2021/03/Mini-Olympic.png]
[kingsclub.in/wp-content/uploads/2021/03/Indoor-Pool.png]
[kingsclub.in/wp-content/uploads/2021/03/Multi-Court.png]
[kingsclub.in/badminton/index.html]
[kingsclub.in/indoor-swimming-pool/index.html]
[kingsclub.in/wp-content/uploads/2021/03/Modern-Gym.png]
[kingsclub.in/outdoor-swimming-pool/index.html]
[kingsclub.in/gym/index.html]
[kingsclub.in/yoga/index.html]
[kingsclub.in/wp-content/uploads/2021/03/Yoga-_-Dance-Studio.png]
[kingsclub.in/fitness-dance-studio/index.html]
[kingsclub.in/wp-content/uploads/2021/03/Steam-Room.png]
[kingsclub.in/wp-content/uploads/2021/03/Spa.png]
[kingsclub.in/wp-content/uploads/2021/03/Cards-Room.png]
[kingsclub.in/billiards/index.html]
[kingsclub.in/wp-content/uploads/2021/03/Billiards.png]
[kingsclub.in/wp-content/uploads/2021/03/Foosball.png]
[kingsclub.in/wp-content/uploads/2021/03/Carrom.png]
[kingsclub.in/wp-content/uploads/2021/03/Toddler-Play.png]
[kingsclub.in/wp-content/uploads/2021/03/Party-Hall-_-Marriage-Hall.png]
[kingsclub.in/indoor-party-hall/index.html]
[kingsclub.in/party-and-marriage-hall/index.html]
[kingsclub.in/wp-content/uploads/2021/03/Events.png]
[kingsclub.in/wp-content/uploads/2021/03/Suite-Room-Reading-Room.png]
[kingsclub.in/wp-content/uploads/2021/03/Ample-Parking.png]
[kingsclub.in/cafe/index.html]
[kingsclub.in/wp-content/uploads/2021/03/Cafe.png]
[kingsclub.in/wp-content/uploads/2021/03/Multi-Cuisine-Restro-Bar.png]
[kingsclub.in/wp-content/uploads/2021/03/Sky-Bar.png]
[kingsclub.in/skylounge/index.html]
[kingsclub.in/kings-club-restrobar/index.html]
[kingsclub.in/wp-content/uploads/2021/03/Presidential-Lounge.png]
[kingsclub.in/presidential-lounge/index.html]
[kingsclub.in/wp-content/uploads/2020/11/badminton.png]
[kingsclub.in/wp-content/uploads/2020/12/tabletennis.png]
[kingsclub.in/wp-content/uploads/2020/12/indoorpool.png]
[kingsclub.in/wp-content/uploads/2020/12/outdoorpool.png]
[kingsclub.in/wp-content/uploads/2020/12/gym.png]
[kingsclub.in/wp-content/uploads/2020/12/billiards.png]
[kingsclub.in/wp-content/uploads/2020/12/cards.png]
[kingsclub.in/wp-content/uploads/2020/12/spa.png]
[kingsclub.in/wp-content/uploads/2020/12/yogadance.png]
[kingsclub.in/wp-content/uploads/2020/12/logo.png]
[kingsclub.in/cdn-cgi/l/email-protection.html]
[kingsclub.in/cdn-cgi/scripts/5c5dd728/cloudflare-static/email-decode.min.js]
[kingsclub.in/wp-content/uploads/2021/03/Back-to-Top-1.png]
[kingsclub.in/about-us/index.html]
[kingsclub.in/wp-content/cache/wpfc-minified/31fsu1r8/8hrt7.css]
[kingsclub.in/privacy-policy/index.html]
[kingsclub.in/disclaimer/index.html]
[kingsclub.in/refund-policy/index.html]
[kingsclub.in/careers/index.html]
[kingsclub.in/wp-content/themes/astra/assets/js/minified/style.minc141.js]
[kingsclub.in/wp-content/plugins/woocommerce/assets/js/jquery-blockui/jquery.blockUI.min44fd.js]
[kingsclub.in/wp-content/plugins/woocommerce/assets/js/frontend/add-to-cart.min7bcd.js]
[kingsclub.in/wp-content/plugins/woocommerce/assets/js/js-cookie/js.cookie.min6b25.js]
[kingsclub.in/wp-content/plugins/woocommerce/assets/js/frontend/woocommerce.min7bcd.js]
[kingsclub.in/wp-content/plugins/woocommerce/assets/js/frontend/cart-fragments.min7bcd.js]
[kingsclub.in/wp-content/plugins/wpfront-scroll-top/js/wpfront-scroll-top.min47ac.js]
[kingsclub.in/wp-content/plugins/ht-mega-for-elementor/assets/js/popper.min5d0a.js]
[kingsclub.in/wp-content/plugins/ht-mega-for-elementor/assets/js/htbbootstrap5d0a.js]
[kingsclub.in/wp-content/plugins/ht-mega-for-elementor/assets/js/waypoints5d0a.js]
[kingsclub.in/wp-content/plugins/3d-flipbook-dflip-lite/assets/js/dflip.min3023.js]
[kingsclub.in/wp-content/plugins/elementor/assets/js/webpack.runtime.min5900.js]
[kingsclub.in/wp-content/plugins/elementor/assets/js/frontend-modules.min5900.js]
[kingsclub.in/wp-content/plugins/elementor/assets/lib/waypoints/waypoints.min05da.js]
[kingsclub.in/wp-includes/js/jquery/ui/core.min3f14.js]
[kingsclub.in/wp-content/plugins/ht-mega-for-elementor/assets/js/swiper.min5d0a.js]
[kingsclub.in/wp-content/plugins/elementor/assets/lib/share-link/share-link.min5900.js]
[kingsclub.in/wp-content/plugins/elementor/assets/lib/dialog/dialog.mind227.js]
[kingsclub.in/wp-content/plugins/elementor/assets/js/frontend.min5900.js]
[kingsclub.in/wp-content/plugins/elementor/assets/js/preloaded-modules.min5900.js]
[kingsclub.in/wp-includes/js/underscore.mind584.js]
[kingsclub.in/wp-includes/js/wp-util.mine35d.js]
[kingsclub.in/wp-content/plugins/wpforms-lite/assets/js/integrations/elementor/frontend.minee47.js]
[kingsclub.in/index.html]
[www.googletagmanager.com/gtm5445.html]
[kingsclub.in/wp-content/cache/wpfc-minified/euixpr81/8hrt7.css]
[kingsclub.in/wp-content/cache/wpfc-minified/etykd6a5/8hrt7.css]
[kingsclub.in/wp-content/cache/wpfc-minified/1pa62gy3/8hrt7.css]
[kingsclub.in/wp-content/cache/wpfc-minified/dpya4ymz/8hrt7.css]
[kingsclub.in/wp-content/cache/wpfc-minified/jymmlvif/8hrt7.css]
[kingsclub.in/wp-content/cache/wpfc-minified/79o5udx6/8hrt7.css]
[kingsclub.in/wp-content/cache/wpfc-minified/ehq8xq2r/8hrt7.css]
[kingsclub.in/wp-content/cache/wpfc-minified/epcixw17/8hrt7.css]
[kingsclub.in/wp-content/cache/wpfc-minified/lxv35h65/8hrt7.css]
[kingsclub.in/wp-content/cache/wpfc-minified/fenpg5cn/8hrt7.css]
[kingsclub.in/wp-content/plugins/woocommerce/assets/fonts/star.eot]
[kingsclub.in/wp-content/cache/wpfc-minified/v4n49x/8hrt7.css]
[kingsclub.in/wp-content/cache/wpfc-minified/8lgck1dr/8hrt7.css]
[kingsclub.in/wp-content/cache/wpfc-minified/e1vwdeq7/8hrt7.css]
[kingsclub.in/wp-content/cache/wpfc-minified/kpnngyau/8hrt7.css]
[kingsclub.in/wp-content/uploads/elementor/css/post-20b3cc.css]
[kingsclub.in/wp-content/cache/wpfc-minified/d360y11f/8hrt7.css]
[kingsclub.in/wp-content/uploads/2021/03/Home-Banner-Page-scaled.jpg]
[kingsclub.in/wp-content/plugins/elementor/assets/lib/eicons/fonts/eiconsd6bb.eot]
[kingsclub.in/wp-content/uploads/2020/12/render.png]
[kingsclub.in/wp-content/uploads/elementor/css/post-2943758.css]
[kingsclub.in/wp-content/cache/wpfc-minified/2om1pgcg/8hrt7.css]
[kingsclub.in/wp-content/uploads/elementor/css/post-201195a.css]
[kingsclub.in/wp-content/cache/wpfc-minified/eteal7jm/8hrt7.css]
[kingsclub.in/wp-content/cache/wpfc-minified/qa95k2fg/8hrt7.css]
[kingsclub.in/wp-content/cache/wpfc-minified/djke9l19/8hrt7.css]
[kingsclub.in/wp-content/cache/wpfc-minified/mle9mlvs/8hrt7.css]
[kingsclub.in/wp-content/plugins/elementor/assets/lib/font-awesome/fonts/fontawesome-webfont3e6e.eot]
[kingsclub.in/wp-content/cache/wpfc-minified/h7kmgoc/8hrt7.css]
[kingsclub.in/wp-content/plugins/3d-flipbook-dflip-lite/assets/fonts/themify.eot]
[kingsclub.in/wp-content/plugins/3d-flipbook-dflip-lite/assets/images/loading.gif]
[kingsclub.in/wp-content/cache/wpfc-minified/fcqw7zjv/8hrt7.css]
[kingsclub.in/wp-content/cache/wpfc-minified/95akmeqq/8hrt7.css]
[kingsclub.in/wp-content/cache/wpfc-minified/e738km3s/8hrt7.css]
[kingsclub.in/wp-content/plugins/elementor/assets/lib/font-awesome/webfonts/fa-solid-900.eot]
[kingsclub.in/wp-content/cache/wpfc-minified/fokn9o1x/8hrt7.css]
[kingsclub.in/wp-content/plugins/elementor/assets/lib/font-awesome/webfonts/fa-brands-400.eot]
[kingsclub.in/POST]
[kingsclub.in/b.resolvedLink]
[kingsclub.in/schema.org/index.html]
[kingsclub.in/signals/iwl.js]
[connect.facebook.net/en_US/fbevents.js]
[kingsclub.in/wp-content/plugins/3d-flipbook-dflip-lite/assets/index.html]
[kingsclub.in/wp-content/uploads/elementor/css/post-3337c78.css]
[kingsclub.in/wp-json/wp/v2/pages/333.json]
[kingsclub.in/wp-json/oembed/1.0/embed88d3.json]
[kingsclub.in/wp-json/oembed/1.0/embedbfdc]
[kingsclub.in/wp-content/uploads/elementor/thumbs/TT1-p3vktk88bqjbnnctsxryq8xfibcy4uoyrevpwwh5a8.png]
[kingsclub.in/wp-content/uploads/elementor/thumbs/Badmiton1-p3vksnbvojaadaom51k0sz8aptv3ng2cyw1q47txc0.png]
[kingsclub.in/wp-content/uploads/elementor/thumbs/Mini-Olympic1-p3vkt48z3jxg6a01e8vb1uylerjphzxj17sgr74u80.png]
[kingsclub.in/wp-content/uploads/elementor/thumbs/Indoor-Pool1-p3vksvsfe1lv9scbrn7nxf3g2apekpzy01x3fphds0.png]
[kingsclub.in/wp-content/uploads/elementor/thumbs/Billiards-1-p3vkueb2efohz654xas0y1c6in8oz60djjr99r8jr4.png]
[kingsclub.in/wp-content/uploads/2021/02/about.jpg]
[kingsclub.in/wp-content/uploads/2021/02/Mini-Olympic-Pool-banner-image-1-1024x576.jpg]
[kingsclub.in/wp-content/uploads/2021/02/Badmiton-Class-1024x577.jpg]
[kingsclub.in/wp-content/uploads/elementor/thumbs/Mini-Olympic-p3vhyrlm4xe4jbultwem6zwqiu4mlrjo4oc6s0zhc0.jpg]
[kingsclub.in/wp-content/uploads/elementor/thumbs/Badminton-p3vhxlavlds80vk1ow4ekskzshx3zdvqyuzc6kq740.jpg]
[kingsclub.in/wp-content/uploads/elementor/thumbs/Table-Tennis-p3vi00pv8z3w0m12ifwpioiv1by8v8isavnhtb4l1c.jpg]
[kingsclub.in/wp-content/uploads/elementor/thumbs/Billiards-Snooker-p3vhxstl422ilr94gzdf4qoojkw1oyplnw780sf1q8.jpg]
[kingsclub.in/wp-content/uploads/elementor/thumbs/bike_racing-p3vkjxe5bzwcwwdorv2kdmuqdr1ejweu8mk6ffcz6o.jpg]
[kingsclub.in/wp-content/uploads/elementor/thumbs/Ravi-Kumar-p3veap9yoz14r6i47x2s80i85eybvfbe4yr64ypdz4.jpg]
[kingsclub.in/wp-content/uploads/elementor/thumbs/Sharath-Babu-p3veap9yoz14r6i47x2s80i85eybvfbe4yr64ypdz4.jpg]
[kingsclub.in/wp-content/uploads/elementor/thumbs/Ramesh-p3veaq7svt2f2sgr2fhesi9oqstp34f4h3enm8nzsw.jpg]
[kingsclub.in/wp-content/uploads/elementor/thumbs/Kumar.MB_-p3veaq7svt2f2sgr2fhesi9oqstp34f4h3enm8nzsw.jpg]
[kingsclub.in/wp-content/uploads/elementor/thumbs/Deepak-Jain-p3veaq7svt2f2sgr2fhesi9oqstp34f4h3enm8nzsw.jpg]
[kingsclub.in/wp-content/uploads/elementor/thumbs/Manjunath-p3veaq7svt2f2sgr2fhesi9oqstp34f4h3enm8nzsw.jpg]
[kingsclub.in/wp-content/uploads/elementor/thumbs/Kiran-p3veaq7svt2f2sgr2fhesi9oqstp34f4h3enm8nzsw.jpg]
[kingsclub.in/wp-content/uploads/elementor/thumbs/Yogesh-p3veas3h9h4zq0e0rganxhslxkkfiiml5cpmksl7gg.jpg]
[kingsclub.in/wp-content/uploads/elementor/thumbs/Srinidhi-Adiga-p3veaq7svt2f2sgr2fhesi9oqstp34f4h3enm8nzsw.jpg]
[kingsclub.in/wp-content/uploads/elementor/thumbs/Basavaraj-p3veaq7svt2f2sgr2fhesi9oqstp34f4h3enm8nzsw.jpg]
[kingsclub.in/wp-content/cache/wpfc-minified/9lvx1pb8/8hxf1.css]
[kingsclub.in/wp-content/cache/wpfc-minified/lldcvq1s/8hxf1.css]
[kingsclub.in/wp-content/plugins/ht-mega-for-elementor/assets/js/slick.min5d0a.js]
[kingsclub.in/wp-content/plugins/ht-mega-for-elementor/assets/js/htmega-widgets-active5d0a.js]
[kingsclub.in/sports/index.html]
[kingsclub.in/wp-content/uploads/elementor/css/post-394dbce.css]
[kingsclub.in/wp-json/wp/v2/pages/394.json]
[kingsclub.in/wp-json/oembed/1.0/embed4641.json]
[kingsclub.in/wp-json/oembed/1.0/embedd94d]
[kingsclub.in/wp-content/uploads/2021/02/Res-1.jpg]
[kingsclub.in/wp-content/uploads/2021/02/Sky-lounge-1.jpg]
[kingsclub.in/wp-content/uploads/2021/02/Restro-Bar-1.jpg]
[kingsclub.in/wp-content/uploads/2021/02/Presidential-Lounge.jpg]
[kingsclub.in/wp-content/uploads/2021/02/cafe.jpg]
[kingsclub.in/wp-content/uploads/elementor/thumbs/Restaurant-our-story-1-p40eurpfin128orwlextiw2etxnjwial2x88anb8mc.jpg]
[kingsclub.in/wp-content/uploads/elementor/thumbs/WhatsApp-Image-2023-02-26-at-3.44.57-PM-2-q2q3i9bx31oizlrttqvtbmb7h5cnbm8pkiua5mv71g.jpg]
[kingsclub.in/reservation/index.html]
[kingsclub.in/wp-content/uploads/elementor/thumbs/Girish-Aradhya-p3veaq7svt2f2sgr2fhesi9oqstp34f4h3enm8nzsw.jpg]
[kingsclub.in/wp-content/uploads/elementor/thumbs/Gagan-C-Gowda-p3veaq7svt2f2sgr2fhesi9oqstp34f4h3enm8nzsw.jpg]
[kingsclub.in/wp-content/uploads/elementor/thumbs/Srikanth-G-p3veaq7svt2f2sgr2fhesi9oqstp34f4h3enm8nzsw.jpg]
[kingsclub.in/restaurant/index.html]
[kingsclub.in/wp-content/uploads/elementor/css/post-4109c29.css]
[kingsclub.in/wp-content/cache/wpfc-minified/fczeq9q/8hxea.css]
[kingsclub.in/wp-json/wp/v2/pages/410.json]
[kingsclub.in/wp-json/oembed/1.0/embed7430.json]
[kingsclub.in/wp-json/oembed/1.0/embed256e]
[kingsclub.in/wp-content/uploads/2021/03/Introduction-of-Banquet.jpg]
[kingsclub.in/wp-content/uploads/2021/02/indoor-banquit-hall-scaled.jpg]
[kingsclub.in/wp-content/uploads/2021/02/outdoor-banquit-hall-scaled.jpg]
[kingsclub.in/wp-content/uploads/elementor/thumbs/WEDDING-scaled-p3vl1sbjvjpqyzejhet32z7x3f79idgz1ymjkee69s.jpg]
[kingsclub.in/wp-content/uploads/elementor/thumbs/ENGAGEMENT-scaled-p40d6k5lqomp8s8toi0tlqshk63frb8c153ao0djr4.jpg]
[kingsclub.in/wp-content/uploads/elementor/thumbs/birthday-event-scaled-p40daw6t96kas1y6ddgw3nf064qd92fryldwbxy728.jpg]
[kingsclub.in/wp-content/uploads/elementor/thumbs/CORPORATE-EVENTS-scaled-p40d88b9w2x1vttfx80y1blzktuxfxv5leuddpwcow.jpg]
[kingsclub.in/wp-content/uploads/elementor/thumbs/Menu-Image-scaled-p40dnppkgu2dqtaxi6xc0lgaos6zesefll7svxcz2g.jpg]
[kingsclub.in/wp-content/uploads/2020/12/cake-piece-of-cake-confectionery-1971552-1024x696.jpg]
[kingsclub.in/wp-content/uploads/elementor/thumbs/WhatsApp-Image-2023-08-08-at-4.51.10-PM-1-qat5q2q3gecjoyby1fdcsws6sgehu6aoa24ae26qu0.jpg]
[kingsclub.in/wp-content/uploads/elementor/thumbs/WhatsApp-Image-2023-08-12-at-8.37.45-PM-qat5k0njeu20vf4pet3wqft8z29c8e8y42rn1v62xk.jpg]
[kingsclub.in/wp-content/uploads/elementor/thumbs/WhatsApp-Image-2023-08-08-at-4.53.03-PM-qat5p9l3kj8np1i9rkrx5m4wdie47k2zu1w8ihdy6w.jpg]
[kingsclub.in/wp-content/uploads/elementor/thumbs/WhatsApp-Image-2023-08-08-at-4.51.09-PM-qat5qr5we3a02tcg2pxnlqm68h21eazp1f2wv96ic8.jpg]
[kingsclub.in/wp-content/uploads/elementor/thumbs/WhatsApp-Image-2023-08-08-at-4.53.04-PM-1-qat5nvrnibcglpimuh8ozgpgw37nvll7z7bi2tftco.jpg]
[kingsclub.in/wp-content/uploads/elementor/thumbs/WhatsApp-Image-2023-08-12-at-8.37.45-PM-2-qat5jb9wab3a5y5kj04zd47sxnqfgkg70l5j3e7plk.jpg]
[kingsclub.in/wp-content/uploads/elementor/thumbs/WhatsApp-Image-2023-08-08-at-4.53.05-PM-qat5mlpk7flestdjbfbz3abvs7ioefidgvcpk9c3tk.jpg]
[kingsclub.in/wp-content/uploads/2021/03/Birthday-8-scaled.jpeg]
[kingsclub.in/wp-content/uploads/2021/03/Birthday-9.jpeg]
[kingsclub.in/wp-content/uploads/2021/03/Birthday-10.jpeg]
[kingsclub.in/wp-content/uploads/elementor/thumbs/WhatsApp-Image-2023-08-08-at-4.51.10-PM-1-qat5q2pq1zqm9vab5r8s7ko9aybkyatojr4kvfk5pk.jpg]
[kingsclub.in/wp-content/uploads/elementor/thumbs/WhatsApp-Image-2023-08-12-at-8.37.45-PM-qat5k0n60fg3gc32j4zc53pbhk6fcirydrrxj8jht4.jpg]
[kingsclub.in/wp-content/uploads/elementor/thumbs/WhatsApp-Image-2023-08-08-at-4.53.03-PM-qat5p9kq64mq9ygmvwncka0yw0b7bom03qwizurd2g.jpg]
[kingsclub.in/wp-content/uploads/elementor/thumbs/WhatsApp-Image-2023-08-08-at-4.51.09-PM-qat5qr5izoo2nqat71t30ei8qyz4ifipb437cmjx7s.jpg]
[kingsclub.in/wp-content/uploads/elementor/thumbs/WhatsApp-Image-2023-08-08-at-4.53.04-PM-1-qat5nvra3wqj6mgzyt44e4ljel4qzq488wbsk6t888.jpg]
[kingsclub.in/wp-content/uploads/elementor/thumbs/WhatsApp-Image-2023-08-12-at-8.37.45-PM-2-qat5jb9ivwhcqv3xnc0ers3vg5nikoz7aa5tkrl4h4.jpg]
[kingsclub.in/wp-content/uploads/elementor/thumbs/WhatsApp-Image-2023-08-08-at-4.53.05-PM-qat5mlp6t0zhdqbwfr7ehy7yapfrik1dqkd01mpip4.jpg]
[kingsclub.in/wp-content/uploads/2021/03/Birthday-1-scaled.jpeg]
[kingsclub.in/wp-content/uploads/2021/03/Birthday-2-scaled.jpeg]
[kingsclub.in/wp-content/uploads/2021/03/Birthday-3-scaled.jpeg]
[kingsclub.in/wp-content/uploads/2021/03/Birthday-4-scaled.jpg]
[kingsclub.in/wp-content/uploads/elementor/thumbs/Birthday-4-scaled-p3vea9av7sb82sgjuhuuipvnqwmdpnq5dmx4eof69c.jpg]
[kingsclub.in/wp-content/uploads/2021/03/Birthday-5-scaled.jpeg]
[kingsclub.in/wp-content/uploads/2021/03/Birthday-6-scaled.jpeg]
[kingsclub.in/wp-content/uploads/2021/03/Birthday-7-scaled.jpeg]
[kingsclub.in/wp-content/uploads/2021/03/Marriage-Event-1-scaled.jpeg]
[kingsclub.in/wp-content/uploads/2021/03/Marriage-Event-2-scaled.jpeg]
[kingsclub.in/wp-content/uploads/2021/03/Marriage-Event-3-1-scaled.jpeg]
[kingsclub.in/wp-content/uploads/elementor/thumbs/Marriage-Event-4-1-scaled-p3vea8d8c2xp48qvt38xz60bgbrs320tcubhp0p1eg.jpg]
[kingsclub.in/wp-content/uploads/2021/03/Marriage-Event-5.jpeg]
[kingsclub.in/wp-content/uploads/2021/03/Marriage-Event-6-1-scaled.jpeg]
[kingsclub.in/wp-content/uploads/elementor/thumbs/Marriage-Gallery-1-p3veapabr3kux82b2ak881qm59gdxlvzf628bzzyag.jpg]
[kingsclub.in/wp-content/uploads/2021/03/Marriage-Gallery-2.jpeg]
[kingsclub.in/wp-content/uploads/elementor/thumbs/Marriage-Gallery-3-p3veapabr3kux82b2ak881qm59gdxlvzf628bzzyag.jpg]
[kingsclub.in/wp-content/uploads/elementor/thumbs/Marriage-Gallery-4-p3veapabr3kux82b2ak881qm59gdxlvzf628bzzyag.jpg]
[kingsclub.in/wp-content/uploads/2021/03/Marriage-Gallery-5.jpeg]
[kingsclub.in/wp-content/uploads/elementor/thumbs/Marriage-Event-4-1-scaled-p3vea8cuxobrp5p8xf4ddtwdytov76jtmjbs6e2ga0.jpg]
[kingsclub.in/wp-content/uploads/elementor/thumbs/Marriage-Gallery-1-p3veap9ycoyxi50o6mfnmpmonrdh1qezov2itddd60.jpg]
[kingsclub.in/wp-content/uploads/elementor/thumbs/Marriage-Gallery-3-p3veap9ycoyxi50o6mfnmpmonrdh1qezov2itddd60.jpg]
[kingsclub.in/wp-content/uploads/elementor/thumbs/Marriage-Gallery-4-p3veap9ycoyxi50o6mfnmpmonrdh1qezov2itddd60.jpg]
[kingsclub.in/wp-content/uploads/elementor/thumbs/pizza-italian-food-2802332-p3vk69scqih8y34shubmssihs9u0sdhut28h5nyimo.jpg]
[kingsclub.in/wp-content/uploads/2020/12/platter-food-delicious-food-2009590.jpg]
[kingsclub.in/wp-content/uploads/2020/12/cake-piece-of-cake-confectionery-1971552.jpg]
[kingsclub.in/wp-content/uploads/2020/12/pizza-italian-food-2802332.jpg]
[kingsclub.in/wp-content/uploads/elementor/thumbs/Krishna-Prasad-p3veap9yoz14r6i47x2s80i85eybvfbe4yr64ypdz4.jpg]
[kingsclub.in/wp-content/uploads/elementor/thumbs/Mandeep-Vinutha-p3veap9yoz14r6i47x2s80i85eybvfbe4yr64ypdz4.jpg]
[kingsclub.in/wp-content/uploads/elementor/thumbs/Shloka-Karan-p3veap9yoz14r6i47x2s80i85eybvfbe4yr64ypdz4.jpg]
[kingsclub.in/banquets/index.html]
[kingsclub.in/rooms/index.html]
[kingsclub.in/wp-content/uploads/elementor/css/post-2308e6f4.css]
[kingsclub.in/wp-json/wp/v2/pages/2308.json]
[kingsclub.in/wp-json/oembed/1.0/embedec7a.json]
[kingsclub.in/wp-json/oembed/1.0/embedb7c2]
[kingsclub.in/wp-content/uploads/2023/07/kings-club-wedding-.jpg.jpg]
[kingsclub.in/wp-content/uploads/2023/07/kings-club-barbeque.jpg-2.jpg]
[kingsclub.in/luxury-wedding/index.html]
[kingsclub.in/wp-content/uploads/2021/03/Indoor-Banquit-Hall-Banner.jpg]
[kingsclub.in/blog/index.html]
[kingsclub.in/food-station-ideas-for-banquet-events/index.html]
[kingsclub.in/banquet-hall-in-bangalore/index.html]
[kingsclub.in/wp-content/uploads/elementor/css/post-237067f6.css]
[kingsclub.in/wp-json/wp/v2/pages/2370.json]
[kingsclub.in/wp-json/oembed/1.0/embed7cb2.json]
[kingsclub.in/wp-json/oembed/1.0/embed0f3e]
[kingsclub.in/wp-content/uploads/2021/03/About-Certified-Fitness-Dance-Trainer.jpg]
[kingsclub.in/wp-content/uploads/2021/03/Hula-hoop-dance-exercise.jpg]
[kingsclub.in/wp-content/uploads/2021/03/Bollywood-dance-workout.jpg]
[kingsclub.in/wp-content/uploads/2021/02/Aqua-Fit-150x150.jpg]
[kingsclub.in/wp-content/uploads/2021/02/Basic-_-Advanced-Classes-150x150.jpg]
[kingsclub.in/wp-content/uploads/2021/02/infant-swimming-150x150.jpg]
[kingsclub.in/wp-content/uploads/2021/02/Summer-Swimming-Camp-150x150.jpg]
[kingsclub.in/wp-content/uploads/2021/03/Swimming-Class-1-2-_-3-scaled.jpg]
[kingsclub.in/wp-content/uploads/elementor/thumbs/Badmitton-Training-p3veaoccoueem6t0w7ddqcfpsd6pcrwk5cjwa2nfds.jpg]
[kingsclub.in/wp-content/uploads/2021/03/Badmiton-Class-1-2-_-3-scaled.jpg]
[kingsclub.in/wp-content/cache/wpfc-minified/1fxhw0ae/8hxlh.css]
[kingsclub.in/summer-camp/index.html]
[kingsclub.in/wp-content/plugins/ht-mega-for-elementor/assets/js/datatables.min5d0a.js]
[kingsclub.in/wp-content/uploads/elementor/css/post-296c1e0.css]
[kingsclub.in/wp-json/wp/v2/pages/296.json]
[kingsclub.in/wp-json/oembed/1.0/embed2368.json]
[kingsclub.in/contact/index.html]
[kingsclub.in/wp-json/oembed/1.0/embedcde5]
[kingsclub.in/wp-content/uploads/elementor/css/post-115576b1.css]
[kingsclub.in/wp-json/wp/v2/pages/1155.json]
[kingsclub.in/wp-json/oembed/1.0/embed2e86.json]
[kingsclub.in/wp-json/oembed/1.0/embed284f]
[kingsclub.in/wp-content/uploads/elementor/thumbs/Club-membership-form-p3veapa83jd8p4zz6arb6vjmvpbip80nqn925du0mo.jpg]
[kingsclub.in/club-membership/index.html]
[kingsclub.in/wp-content/uploads/elementor/css/post-764821e.css]
[kingsclub.in/wp-json/wp/v2/pages/764.json]
[kingsclub.in/wp-json/oembed/1.0/embedc325.json]
[kingsclub.in/wp-json/oembed/1.0/embedaa14]
[kingsclub.in/wp-content/uploads/elementor/thumbs/TT-1-p3vkrt97ctzdgz6o1q7ayyns9041gjzld5xw3wjp2w.jpg]
[kingsclub.in/wp-content/uploads/elementor/thumbs/TT-banner-image-p3vl2uuwfwc2ywztn780g98f2f4z5ll3w9juzzhei4.jpg]
[kingsclub.in/wp-content/uploads/elementor/thumbs/chef-p40d9ul9nt3z6rgcyt74j95jty7dscbql71q3fphes.jpg]
[kingsclub.in/wp-content/uploads/elementor/thumbs/platter-food-delicious-food-2009590-p3vk703u1vizcy3f8dqkbxdfklkwlkbw14zkoagex4.jpg]
[kingsclub.in/wp-content/uploads/2020/12/tabletennis-300x200.png]
[kingsclub.in/wp-content/uploads/2020/12/spa-300x200.png]
[kingsclub.in/wp-content/uploads/2020/12/outdoorpool-300x200.png]
[kingsclub.in/wp-content/uploads/2020/12/indoorpool-300x200.png]
[kingsclub.in/wp-content/uploads/2020/12/billiards-300x200.png]
[kingsclub.in/wp-content/uploads/2020/12/cards-300x200.png]
[kingsclub.in/wp-content/uploads/2020/12/gym-300x200.png]
[kingsclub.in/wp-content/uploads/2020/11/badminton-300x200.png]
[kingsclub.in/wp-content/uploads/elementor/thumbs/woman-fashion-young-3083453-1-p3vkkcf7b7x3taqsmgcns2nptasdnp3ptslbi854ao.jpg]
[kingsclub.in/table-tennis/index.html]
[kingsclub.in/wp-content/uploads/elementor/css/post-687292d.css]
[kingsclub.in/wp-json/wp/v2/pages/687.json]
[kingsclub.in/wp-json/oembed/1.0/embed36a8.json]
[kingsclub.in/wp-json/oembed/1.0/embed08ff]
[kingsclub.in/wp-content/uploads/elementor/thumbs/Experience-our-Badminton-p40dkbijsdejcww4znfdhcgd2uh2c8y57awugzv6hs.jpg]
[kingsclub.in/wp-content/uploads/elementor/thumbs/Sports-FEATURES-p3vl4ddjgaepoasmsusdgvh5iro9k1ljfre0u18kh8.jpg]
[kingsclub.in/wp-content/uploads/2021/02/Badmiton-banner-image.jpg]
[kingsclub.in/wp-content/uploads/elementor/thumbs/Coach-p3veapa4fyxdsghhf83qgnri1dnpzgh6ekrakv0yuc.jpg]
[kingsclub.in/badminton/index.html]
[kingsclub.in/wp-content/uploads/elementor/css/post-6669dc0.css]
[kingsclub.in/wp-json/wp/v2/pages/666.json]
[kingsclub.in/wp-json/oembed/1.0/embed32c2.json]
[kingsclub.in/wp-json/oembed/1.0/embed1a2e]
[kingsclub.in/wp-content/uploads/elementor/thumbs/intruduction-1-p40ea9u6xehuoq65xmcf0uj98oiyx0fl9v1zrvtbpk.jpg]
[kingsclub.in/wp-content/uploads/elementor/thumbs/Features-Amenities-Benefits-p3x9gin0h4b0r44dqmlmlmy8alr43wh6ahwev3su9s.jpg]
[kingsclub.in/wp-content/uploads/elementor/thumbs/Coaching-Partner-p40e9kghd608dbkke90ra8o4h25iaa4jhzhylyqwys.jpg]
[kingsclub.in/wp-content/uploads/elementor/thumbs/partners-logo-01-free-img-p3vkkzx76fa407ajvchnpvgpygwm1ha1qw4m4okyco.png]
[kingsclub.in/outdoor-swimming-pool/index.html]
[kingsclub.in/wp-content/uploads/elementor/css/post-11687ad2.css]
[kingsclub.in/wp-json/wp/v2/pages/1168.json]
[kingsclub.in/wp-json/oembed/1.0/embed9e43.json]
[kingsclub.in/wp-json/oembed/1.0/embed7213]
[kingsclub.in/wp-content/uploads/elementor/thumbs/Summer-Swimming-Camp-p40efs667axb7bue22r453hy05z3les0cjd6r0lbc8.jpg]
[kingsclub.in/wp-content/uploads/elementor/thumbs/Features-p3veas3n0gztlt0o4kmgudguux5bftuex8z5yalcps.jpg]
[kingsclub.in/wp-content/uploads/elementor/thumbs/Benefits-1-p3veas3n0gztlt0o4kmgudguux5bftuex8z5yalcps.jpg]
[kingsclub.in/indoor-swimming-pool/index.html]
[kingsclub.in/wp-content/uploads/elementor/css/post-7694ee2.css]
[kingsclub.in/wp-json/wp/v2/pages/769.json]
[kingsclub.in/wp-json/oembed/1.0/embed3940.json]
[kingsclub.in/wp-json/oembed/1.0/embed5f55]
[kingsclub.in/wp-content/uploads/elementor/thumbs/gym-intruduction-p40e08w610rqugqghabofdm94py0t8mnw8jjhmoi2w.jpg]
[kingsclub.in/wp-content/uploads/elementor/thumbs/benifets-p40dy4r4zvj2kxca38u2ru1uh9epfbk0um6g7g66jw.jpg]
[kingsclub.in/wp-content/uploads/elementor/thumbs/about-matrix-p40dxorwzjpwxutd9i4th2udlz1735zwayfa7mkl1k.jpg]
[kingsclub.in/wp-content/uploads/elementor/thumbs/Dheeraj-Charan-p3veas3h9h4zq0e0rganxhslxkkfiiml5cpmksl7gg.jpg]
[kingsclub.in/wp-content/uploads/elementor/thumbs/Nitin-p3veas3h9h4zq0e0rganxhslxkkfiiml5cpmksl7gg.jpg]
[kingsclub.in/wp-content/uploads/elementor/thumbs/Kumar-p3veas3h9h4zq0e0rganxhslxkkfiiml5cpmksl7gg.jpg]
[kingsclub.in/wp-content/uploads/elementor/thumbs/Certified-Gym-Trainer-p40dz1niuxloegusu7a3ve9d2s0l49cppwla7gckmc.jpg]
[kingsclub.in/gym/index.html]
[kingsclub.in/wp-content/uploads/elementor/css/post-9642fa9.css]
[kingsclub.in/wp-json/wp/v2/pages/964.json]
[kingsclub.in/wp-json/oembed/1.0/embed41d3.json]
[kingsclub.in/wp-json/oembed/1.0/embed4d50]
[kingsclub.in/wp-content/uploads/elementor/thumbs/yoga-intruduction-p3vea8d3gnt3lesitl56l2aw2ntnzt4b0myh5bu3d4.jpg]
[kingsclub.in/wp-content/uploads/elementor/thumbs/Benefits-p3vea8d10y88deh1zreucwm5zzeeoaov91s4uivnaw.jpg]
[kingsclub.in/wp-content/uploads/elementor/thumbs/yogadance-p3vk4r9pq4fr5w0k0c46udxs3m74xpfsgjdzdj9aqo.png]
[kingsclub.in/wp-content/uploads/elementor/thumbs/yoga-teacher-p3vea8d10ya7zh6260sg7s17cfz44wm0c90jxvq1yc.jpg]
[kingsclub.in/yoga/index.html]
[kingsclub.in/wp-content/uploads/elementor/css/post-7744ee2.css]
[kingsclub.in/wp-json/wp/v2/pages/774.json]
[kingsclub.in/wp-json/oembed/1.0/embed6adf.json]
[kingsclub.in/wp-json/oembed/1.0/embeda207]
[kingsclub.in/wp-content/uploads/elementor/thumbs/Introduction-of-Fitness-Dance​-p3veapa6vog9ee3y2sggty16rli9uczh2yp7sb5094.jpg]
[kingsclub.in/wp-content/uploads/2021/02/Mini-Olympic-Pool-banner-image.jpg]
[kingsclub.in/wp-content/uploads/2021/02/gym-intruduction.jpg]
[kingsclub.in/wp-content/uploads/2021/02/Badmiton-Class.jpg]
[kingsclub.in/wp-content/uploads/elementor/thumbs/Benefits-of-Kings-Club-fitness-dance-classes-p3veapa4fyve6dsh8yq4lscgox30iuk1bdivhi6k6w.jpg]
[kingsclub.in/wp-content/uploads/2021/03/Belly-dance-Workout.jpg]
[kingsclub.in/wp-content/uploads/2021/03/Belly-dance-Workout-300x201.jpg]
[kingsclub.in/wp-content/uploads/2021/03/Bollywood-dance-workout-300x201.jpg]
[kingsclub.in/wp-content/uploads/2021/03/Hula-hoop-dance-exercise-300x201.jpg]
[kingsclub.in/wp-content/uploads/2021/03/Salsa-workout.jpg]
[kingsclub.in/wp-content/uploads/2021/03/Salsa-workout-300x201.jpg]
[kingsclub.in/wp-content/uploads/2021/03/Zumba-dance-exercise.jpg]
[kingsclub.in/wp-content/uploads/2021/03/Zumba-dance-exercise-300x201.jpg]
[kingsclub.in/wp-content/uploads/elementor/thumbs/yogadance-p3vk4r9oi9n1bl6ofdwsgr6evcren08ha01w7nil6s.png]
[kingsclub.in/wp-content/uploads/elementor/thumbs/About-Certified-Fitness-Dance-Trainer-p3veaq7ymsyo42g49qid15iymrj375kwqpes24zko4.jpg]
[kingsclub.in/fitness-dance-studio/index.html]
[kingsclub.in/wp-content/uploads/elementor/css/post-7017af4.css]
[kingsclub.in/wp-json/wp/v2/pages/701.json]
[kingsclub.in/wp-json/oembed/1.0/embed6d5b.json]
[kingsclub.in/wp-json/oembed/1.0/embed59e0]
[kingsclub.in/wp-content/uploads/elementor/thumbs/BILLIARDS-banner-image-p40dc5b2d88cvk3s1oxlu0j3j37dovhccc7pacidmw.jpg]
[kingsclub.in/wp-content/uploads/2021/02/Billiards.jpg]
[kingsclub.in/wp-content/uploads/elementor/thumbs/snooker-p40dr8ls3gvt1vigr6fqlniiovlfmzelsajfnsvc7o.jpg]
[kingsclub.in/wp-content/uploads/elementor/thumbs/Pool-p40dqvg1fsdib1dfpzeqd6x26k6709yrrqnpxg5d40.jpg]
[kingsclub.in/wp-content/uploads/elementor/thumbs/Ball-9-p40domlx41b4svb001t1ob8facgq991g3davo4qphw.jpg]
[kingsclub.in/wp-content/uploads/2020/12/skylaunge-1024x384.jpg]
[kingsclub.in/wp-content/uploads/2021/03/Pool-1-300x300.jpg]
[kingsclub.in/wp-content/uploads/elementor/thumbs/Sudeendra-p3veas3h9h4zq0e0rganxhslxkkfiiml5cpmksl7gg.jpg]
[kingsclub.in/wp-content/uploads/elementor/thumbs/Pradeep-B-V-p3veas3h9h4zq0e0rganxhslxkkfiiml5cpmksl7gg.jpg]
[kingsclub.in/wp-content/uploads/elementor/thumbs/Arun-Prabhakar-p3veas3h9h4zq0e0rganxhslxkkfiiml5cpmksl7gg.jpg]
[kingsclub.in/wp-content/uploads/elementor/thumbs/Billiards-Coatch-p40dpp5aw8t0y2flf5to2r6ceu36km8t3n1gee7ihw.jpg]
[kingsclub.in/billiards/index.html]
[kingsclub.in/wp-content/uploads/elementor/css/post-692ac2c.css]
[kingsclub.in/wp-content/cache/wpfc-minified/2agy5r1n/9xkn1.css]
[kingsclub.in/wp-json/wp/v2/pages/692.json]
[kingsclub.in/wp-json/oembed/1.0/embedaa05.json]
[kingsclub.in/wp-json/oembed/1.0/embeda3b7]
[kingsclub.in/wp-content/cache/wpfc-minified/mbde9om3/9xkn1.js]
[kingsclub.in/wp-content/uploads/elementor/thumbs/banquit-cover-page-1-scaled-p40dlzoadh96rdfxq4hdlz4ksc7m2i17xocfgjtgg8.jpg]
[kingsclub.in/wp-content/uploads/elementor/thumbs/yogadance-p3vk4r9pq4f6pao9o9fqba3rprqxntglv1w5ckqbp4.png]
[kingsclub.in/wp-content/uploads/elementor/thumbs/ac-icon-p40dgm1cn1bmjjajq4wufs6kbryjjd4jwya6f766m8.jpg]
[kingsclub.in/wp-content/uploads/elementor/thumbs/room-space-icon-p3vl64cn76kvn4r9x2pt8yk1rn8zgpnz5gy37zo0zk.jpg]
[kingsclub.in/wp-content/uploads/elementor/thumbs/Drink-Dine-icon-p40d90ibe8x6p0bv3coes77fgneqbfynvcfvrofqww.jpg]
[kingsclub.in/wp-content/uploads/elementor/thumbs/Ample-Parking-p3vhxhjl68x11069z5rccw407g4dcrn046s4gyln28.jpg]
[kingsclub.in/wp-content/uploads/elementor/thumbs/Suite-Room-Reading-Room-p3vhzwyktu8p0qnaspjnas1vga5i8ma1g7ga3p00zk.jpg]
[kingsclub.in/wp-content/uploads/elementor/thumbs/banquit-cover-page-p40dd7uil57ph7i4a6lt9z5of6jvof91ja5m5nrsfs.jpg]
[kingsclub.in/wp-content/uploads/elementor/thumbs/indoor-banquit-hall-scaled-p40d342z49eb4pisme1ni4sawwt17g43qr6jgja4dc.jpg]
[i.ytimg.com/vi/7qGhevesW6I/hqdefault.jpg]
[i.ytimg.com/vi/33sDG_9Cdy4/hqdefault.jpg]
[kingsclub.in/indoor-party-hall/index.html]
[kingsclub.in/wp-content/uploads/elementor/css/post-63858a5.css]
[kingsclub.in/wp-json/wp/v2/pages/638.json]
[kingsclub.in/wp-json/oembed/1.0/embed6957.json]
[kingsclub.in/wp-json/oembed/1.0/embed8e84]
[kingsclub.in/wp-content/uploads/elementor/thumbs/banquit-cover-page-p40dd7uil58e14b9hh0rii5ovsox7hmgngr0l7lrag.jpg]
[kingsclub.in/party-and-marriage-hall/index.html]
[kingsclub.in/wp-content/uploads/elementor/css/post-627c5ab.css]
[kingsclub.in/wp-json/wp/v2/pages/627.json]
[kingsclub.in/wp-json/oembed/1.0/embede015.json]
[kingsclub.in/wp-json/oembed/1.0/embed743c]
[kingsclub.in/wp-content/uploads/elementor/thumbs/Introduction-of-cafereria-p40drx1ngvezcmuv4er2fas8sccjfghu7gx5h8m0cg.jpg]
[kingsclub.in/wp-content/uploads/elementor/thumbs/Features-_-amunites-p40dskjm7q95st7q4xj4srfqaik0ba5zjhzvdssrdg.jpg]
[kingsclub.in/wp-content/uploads/2021/02/1.jpg]
[kingsclub.in/wp-content/uploads/2021/02/2.jpg]
[kingsclub.in/wp-content/uploads/2021/02/3.jpg]
[kingsclub.in/wp-content/uploads/elementor/thumbs/Birthday-event-2-scaled-p40e1u8967g7lmt510rvkump7rx5wpernymzlhzwow.jpg]
[kingsclub.in/wp-content/uploads/elementor/thumbs/social-geathering-scaled-p40e5s5vu6uiar2z084jjctawyhl7028jh5b2a5glc.jpg]
[kingsclub.in/wp-content/uploads/elementor/thumbs/conference-scaled-p40e2t0a72rtj7emdxt2n3ur715qti8u4qrycqkcao.jpg]
[kingsclub.in/cafe/index.html]
[kingsclub.in/wp-content/uploads/elementor/css/post-8653c24.css]
[kingsclub.in/wp-json/wp/v2/pages/865.json]
[kingsclub.in/wp-json/oembed/1.0/embedb071.json]
[kingsclub.in/wp-json/oembed/1.0/embedd844]
[kingsclub.in/wp-content/uploads/2021/02/Intruduction.jpg]
[kingsclub.in/wp-content/uploads/2021/02/Restro-Bar-banner-image-2.jpg]
[kingsclub.in/wp-content/uploads/elementor/thumbs/features-_-amenites-p40e6eq2tx7eyfs8hy7mrtn1bnkn9t3beqi4qxjlag.jpg]
[kingsclub.in/wp-content/uploads/2020/12/Kings-Restorent-1.jpg]
[kingsclub.in/wp-content/uploads/elementor/thumbs/anniversary-scaled-p40e15sg8iir7rsmzq7ks0sprr9mckpqwlod4b056o.jpg]
[kingsclub.in/wp-content/uploads/elementor/thumbs/personal-event-scaled-p40e56jlh00wvpydigs4g09p93g59yoesi550x1ikg.jpg]
[kingsclub.in/wp-content/uploads/2021/02/1-1.jpg]
[kingsclub.in/wp-content/uploads/2021/02/1-1-300x200.jpg]
[kingsclub.in/wp-content/uploads/2021/02/2-1.jpg]
[kingsclub.in/wp-content/uploads/2021/02/2-1-300x200.jpg]
[kingsclub.in/wp-content/uploads/2021/02/3-1.jpg]
[kingsclub.in/wp-content/uploads/2021/02/3-1-300x200.jpg]
[kingsclub.in/wp-content/uploads/2021/02/4.jpg]
[kingsclub.in/wp-content/uploads/2021/02/4-300x200.jpg]
[kingsclub.in/wp-content/uploads/2021/02/5.jpg]
[kingsclub.in/wp-content/uploads/2021/02/5-300x200.jpg]
[kingsclub.in/wp-content/uploads/2021/02/6.jpg]
[kingsclub.in/wp-content/uploads/2021/02/6-300x200.jpg]
[kingsclub.in/wp-content/uploads/2021/02/7.jpg]
[kingsclub.in/wp-content/uploads/2021/02/7-300x200.jpg]
[kingsclub.in/wp-content/uploads/2021/02/8.jpg]
[kingsclub.in/wp-content/uploads/2021/02/8-300x200.jpg]
[kingsclub.in/wp-content/uploads/2021/02/9.jpg]
[kingsclub.in/wp-content/uploads/2021/02/9-300x200.jpg]
[kingsclub.in/wp-content/uploads/2021/02/10.jpg]
[kingsclub.in/wp-content/uploads/2021/02/10-300x200.jpg]
[kingsclub.in/wp-content/uploads/2023/02/WhatsApp-Image-2023-02-26-at-3.44.57-PM-2.jpg]
[kingsclub.in/kings-club-restrobar/index.html]
[kingsclub.in/wp-content/uploads/elementor/css/post-882874e.css]
[kingsclub.in/wp-json/wp/v2/pages/882.json]
[kingsclub.in/wp-json/oembed/1.0/embedfe3a.json]
[kingsclub.in/wp-json/oembed/1.0/embed2cf6]
[kingsclub.in/wp-content/uploads/2021/03/about-Sky-Lounge.jpg]
[kingsclub.in/wp-content/uploads/2021/03/SkyLounge-banner-image.jpg]
[kingsclub.in/wp-content/uploads/2021/03/DJ-party.jpg]
[kingsclub.in/wp-content/uploads/2021/02/social-gathering-scaled.jpg]
[kingsclub.in/wp-content/uploads/2021/02/personal-event-scaled.jpg]
[kingsclub.in/wp-content/uploads/2021/02/birthday-event-scaled.jpg]
[kingsclub.in/wp-content/uploads/elementor/thumbs/WhatsApp-Image-2023-02-26-at-3.44.57-PM-2-q2q3i9bx31noaprebmv4iyk6wdoces9xoalj472qh4.jpg]
[kingsclub.in/skylounge/index.html]
[kingsclub.in/wp-content/uploads/elementor/css/post-88748cc.css]
[kingsclub.in/wp-json/wp/v2/pages/887.json]
[kingsclub.in/wp-json/oembed/1.0/embed6a28.json]
[kingsclub.in/wp-json/oembed/1.0/embed8575]
[kingsclub.in/wp-content/uploads/2021/03/Pl-about-us-1.jpg]
[kingsclub.in/wp-content/uploads/2021/03/Pl-about-us-2.jpg]
[kingsclub.in/wp-content/uploads/elementor/thumbs/Amenities-p3veas3lsm7o83j2vp3izuji0i5sf0mac74wtddm7g.jpg]
[kingsclub.in/wp-content/uploads/2021/03/ALANG-RICHARD-AKA.jpg]
[kingsclub.in/presidential-lounge/index.html]
[kingsclub.in/cdn-cgi/l/email-protection.html]
[kingsclub.in/wp-content/uploads/elementor/css/post-295897a.css]
[kingsclub.in/wp-json/wp/v2/pages/295.json]
[kingsclub.in/wp-json/oembed/1.0/embed3562.json]
[kingsclub.in/wp-json/oembed/1.0/embed17ba]
[kingsclub.in/wp-content/uploads/elementor/thumbs/Overview-p40dhpinl32undvnnsmnrowxll98hhb84atpebkrcs.jpg]
[kingsclub.in/wp-content/uploads/elementor/thumbs/what-makes-us-different-p40diwrar6c1mn4w5aer8rcvrons6ugokt01trt1jw.jpg]
[kingsclub.in/about-us/index.html]
[kingsclub.in/privacy-policy/feed/index.html]
[kingsclub.in/wp-content/uploads/elementor/css/post-38c6f.css]
[kingsclub.in/wp-json/wp/v2/pages/3.json]
[kingsclub.in/wp-json/oembed/1.0/embed3be5.json]
[kingsclub.in/wp-json/oembed/1.0/embed70b6]
[kingsclub.in/privacy-policy/index.html]
[kingsclub.in/wp-content/uploads/elementor/css/post-1421c4bc.css]
[kingsclub.in/wp-json/wp/v2/pages/1421.json]
[kingsclub.in/wp-json/oembed/1.0/embed3ef1.json]
[kingsclub.in/disclaimer/index.html]
[kingsclub.in/wp-json/oembed/1.0/embed2bb0]
[kingsclub.in/wp-content/uploads/elementor/css/post-1427282c.css]
[kingsclub.in/wp-json/wp/v2/pages/1427.json]
[kingsclub.in/wp-json/oembed/1.0/embed4f86.json]
[kingsclub.in/refund-policy/index.html]
[kingsclub.in/wp-json/oembed/1.0/embed9c32]
[kingsclub.in/wp-content/uploads/elementor/css/post-2465d952.css]
[kingsclub.in/wp-json/wp/v2/pages/2465.json]
[kingsclub.in/wp-json/oembed/1.0/embed9a31.json]
[kingsclub.in/wp-json/oembed/1.0/embedb72b]
[kingsclub.in/wp-content/uploads/2023/01/DSC03472-1024x764.jpg]
[kingsclub.in/wp-content/uploads/2023/05/360_F_467979573_PBejz9RgVw0Pw63g2KV89HeaGYhJPNjt.jpg]
[kingsclub.in/wp-content/uploads/2023/05/depositphotos_136067248-stock-photo-man-on-shopping-mall-background.webp]
[kingsclub.in/wp-content/uploads/2023/05/accounting.png]
[kingsclub.in/wp-content/uploads/2023/05/manager.png]
[kingsclub.in/wp-content/uploads/2023/05/international-business.png]
[kingsclub.in/careers/index.html]
[kingsclub.in/wp-content/cache/wpfc-minified/31fsu1r8/8hrt7.css]
[kingsclub.in/POST.html]
[kingsclub.in/schema.org/index.html]
[kingsclub.in/b.html]
[kingsclub.in/signals/iwl.html]
[kingsclub.in/wp-content/uploads/2021/03/Sports-banner-image.jpg]
[kingsclub.in/wp-content/uploads/2020/12/TT-1.jpg]
[kingsclub.in/wp-content/uploads/2020/12/Badmition-1.jpg]
[kingsclub.in/wp-content/uploads/2021/03/Home-tab-swimming-Page.jpg]
[kingsclub.in/wp-content/uploads/2020/12/swimming-1.jpg]
[kingsclub.in/wp-content/uploads/2020/12/billiards-2.jpg]
[kingsclub.in/wp-content/uploads/2021/02/Badmiton-banner-image-1-scaled.jpg]
[kingsclub.in/wp-content/uploads/2020/12/concert-live-audience-3387324-1.jpg]
[kingsclub.in/wp-content/uploads/elementor/css/post-3337c78.css]
[kingsclub.in/indexf604.html]
[kingsclub.in/wp-content/plugins/ht-mega-for-elementor/assets/css/img/gallery/bgDescription.png]
[kingsclub.in/wp-content/plugins/ht-mega-for-elementor/assets/css/img/gallery/gallery-e1.jpg]
[kingsclub.in/wp-content/plugins/ht-mega-for-elementor/assets/images/pricing/pricing-ribon.png]
[kingsclub.in/wp-content/plugins/ht-mega-for-elementor/assets/images/icons/line.svg]
[kingsclub.in/wp-content/plugins/ht-mega-for-elementor/assets/css/img/others/business-shape.png]
[kingsclub.in/wp-content/plugins/ht-mega-for-elementor/assets/css/img/bg/bg-image-40.jpg]
[kingsclub.in/wp-content/cache/wpfc-minified/9lvx1pb8/8hxf1.css]
[kingsclub.in/wp-content/plugins/ht-mega-for-elementor/assets/images/ajax-loader.gif]
[kingsclub.in/wp-content/cache/wpfc-minified/lldcvq1s/8hxf1.css]
[kingsclub.in/wp-content/uploads/2021/03/Restaurant-banner-image-1.jpg]
[kingsclub.in/wp-content/uploads/2021/02/Restaurant-background-footer-1.jpg]
[kingsclub.in/wp-content/uploads/2020/12/restaurant-bar-counter-690569.jpg]
[kingsclub.in/wp-content/uploads/elementor/css/post-394dbce.css]
[kingsclub.in/index51fe.html]
[kingsclub.in/wp-content/uploads/elementor/css/post-5728625.css]
[kingsclub.in/wp-json/wp/v2/pages/572.json]
[kingsclub.in/wp-json/oembed/1.0/embed7db3.json]
[kingsclub.in/reservation/index.html]
[kingsclub.in/wp-json/oembed/1.0/embede140]
[kingsclub.in/wp-content/uploads/2021/04/banquit-cover-page-scaled.jpg]
[kingsclub.in/wp-content/uploads/2021/02/Menu-Image-scaled.jpg]
[kingsclub.in/wp-content/uploads/2021/02/banquit-background-footer-1.jpg]
[kingsclub.in/wp-content/uploads/elementor/css/post-4109c29.css]
[kingsclub.in/wp-content/cache/wpfc-minified/fczeq9q/8hxea.css]
[kingsclub.in/index0ed6.html]
[kingsclub.in/wp-content/uploads/2021/03/Birthday-8-scaled.html]
[kingsclub.in/wp-content/uploads/2021/03/Birthday-9.html]
[kingsclub.in/wp-content/uploads/2021/03/Birthday-10.html]
[kingsclub.in/wp-content/uploads/2021/03/Birthday-1-scaled.html]
[kingsclub.in/wp-content/uploads/2021/03/Birthday-2-scaled.html]
[kingsclub.in/wp-content/uploads/2021/03/Birthday-3-scaled.html]
[kingsclub.in/wp-content/uploads/2021/03/Birthday-5-scaled.html]
[kingsclub.in/wp-content/uploads/2021/03/Birthday-6-scaled.html]
[kingsclub.in/wp-content/uploads/2021/03/Birthday-7-scaled.html]
[kingsclub.in/wp-content/uploads/2021/03/Marriage-Event-1-scaled.html]
[kingsclub.in/wp-content/uploads/2021/03/Marriage-Event-2-scaled.html]
[kingsclub.in/wp-content/uploads/2021/03/Marriage-Event-3-1-scaled.html]
[kingsclub.in/wp-content/uploads/2021/03/Marriage-Event-5.html]
[kingsclub.in/wp-content/uploads/2021/03/Marriage-Event-6-1-scaled.html]
[kingsclub.in/wp-content/uploads/2021/03/Marriage-Gallery-2.html]
[kingsclub.in/wp-content/uploads/2021/03/Marriage-Gallery-5.html]
[kingsclub.in/wp-content/plugins/elementor/assets/lib/font-awesome/webfonts/fa-regular-400.eot]
[kingsclub.in/wp-content/uploads/2023/07/wooden-table.jpg]
[kingsclub.in/wp-content/uploads/elementor/css/post-2308e6f4.css]
[kingsclub.in/index1991.html]
[kingsclub.in/luxury-wedding/feed/index.html]
[kingsclub.in/wp-content/uploads/elementor/css/post-26062b80.css]
[kingsclub.in/wp-json/wp/v2/posts/2606.json]
[kingsclub.in/wp-json/oembed/1.0/embedbfcd.json]
[kingsclub.in/wp-json/oembed/1.0/embedfb5f]
[kingsclub.in/luxury-wedding/index.html]
[kingsclub.in/wp-includes/js/comment-reply.mine35d.js]
[kingsclub.in/wp-content/uploads/elementor/css/post-2569c6e9.css]
[kingsclub.in/food-station-ideas-for-banquet-events/feed/index.html]
[kingsclub.in/wp-json/wp/v2/posts/2569.json]
[kingsclub.in/wp-json/oembed/1.0/embedd8d2.json]
[kingsclub.in/wp-json/oembed/1.0/embed30ae]
[kingsclub.in/wp-content/uploads/2023/07/EA9kB3bU4AA1Q9Z-1-1-1024x589.jpg]
[kingsclub.in/wp-content/uploads/2023/07/ice-cream-kings-club-.-jpg.jpg]
[kingsclub.in/wp-content/uploads/2023/07/nachos-.jpg.jpg]
[kingsclub.in/wp-content/uploads/2023/07/whole-wheat-waffle.jpg]
[kingsclub.in/food-station-ideas-for-banquet-events/index.html]
[kingsclub.in/banquet-hall-in-bangalore/feed/index.html]
[kingsclub.in/wp-content/uploads/elementor/css/post-2331809c.css]
[kingsclub.in/wp-json/wp/v2/posts/2331.json]
[kingsclub.in/wp-json/oembed/1.0/embed1c35.json]
[kingsclub.in/wp-json/oembed/1.0/embed16b5]
[kingsclub.in/wp-content/uploads/2023/02/1-min-1024x1024.jpg]
[kingsclub.in/wp-content/uploads/2023/02/2-min-1024x1024.jpg]
[kingsclub.in/wp-content/uploads/2023/02/3-min-1024x1024.jpg]
[kingsclub.in/wp-content/uploads/2023/02/4-min-1024x1024.jpg]
[kingsclub.in/wp-content/uploads/2023/02/5-min-1024x1024.jpg]
[kingsclub.in/banquet-hall-in-bangalore/index.html]
[kingsclub.in/wp-content/uploads/2021/03/Badmitton-Training.jpg]
[kingsclub.in/wp-content/uploads/2021/02/Sports-FEATURES.jpg]
[kingsclub.in/wp-content/uploads/2021/02/snooker.jpg]
[kingsclub.in/wp-content/uploads/2021/02/Mini-Olympic-Pool-banner-image-1.jpg]
[kingsclub.in/wp-content/uploads/2021/03/Home-tab-swimming-Page-150x150.jpg]
[kingsclub.in/wp-content/uploads/2021/02/Sports-FEATURES-300x170.jpg]
[kingsclub.in/wp-content/uploads/2021/02/snooker-300x300.jpg]
[kingsclub.in/wp-content/uploads/2021/02/Badmiton-Class-768x433.jpg]
[kingsclub.in/wp-content/uploads/2021/03/Home-tab-swimming-Page-768x922.jpg]
[kingsclub.in/wp-content/uploads/2021/02/Sports-FEATURES-768x436.jpg]
[kingsclub.in/wp-content/uploads/2021/03/Bollywood-dance-workout-768x515.jpg]
[kingsclub.in/wp-content/uploads/2021/02/Mini-Olympic-Pool-banner-image-1-768x432.jpg]
[kingsclub.in/wp-content/uploads/elementor/css/post-237067f6.css]
[kingsclub.in/indexa9bf.html]
[kingsclub.in/wp-content/plugins/ht-mega-for-elementor/assets/css/DataTables-1.10.18/images/sort_both.png]
[kingsclub.in/wp-content/cache/wpfc-minified/1fxhw0ae/8hxlh.css]
[kingsclub.in/wp-content/uploads/2020/12/contact-Banner.jpg]
[kingsclub.in/wp-content/uploads/elementor/css/post-296c1e0.css]
[kingsclub.in/index3e8e.html]
[kingsclub.in/wp-content/uploads/elementor/css/post-115576b1.css]
[kingsclub.in/indexc494.html]
[kingsclub.in/wp-content/uploads/2021/02/TT-banner-image.jpg]
[kingsclub.in/wp-content/uploads/elementor/css/post-764821e.css]
[kingsclub.in/indexa102.html]
[kingsclub.in/wp-content/uploads/elementor/css/post-687292d.css]
[kingsclub.in/indexcbf7.html]
[kingsclub.in/wp-content/uploads/2021/02/Testimonials-Background.jpg]
[kingsclub.in/wp-content/uploads/elementor/css/post-6669dc0.css]
[kingsclub.in/index197a.html]
[kingsclub.in/wp-content/uploads/2021/03/indoor-Pool-banner-image.jpg]
[kingsclub.in/wp-content/uploads/elementor/css/post-11687ad2.css]
[kingsclub.in/indexcc5d.html]
[kingsclub.in/wp-content/uploads/2021/02/Gym-Banner-Page.jpg]
[kingsclub.in/wp-content/uploads/elementor/css/post-7694ee2.css]
[kingsclub.in/index5dce.html]
[kingsclub.in/wp-content/uploads/2021/03/Yoga-Banner-image-scaled.jpg]
[kingsclub.in/wp-content/uploads/elementor/css/post-9642fa9.css]
[kingsclub.in/index325c.html]
[kingsclub.in/wp-content/uploads/2021/03/Dance-_-yoga-studio-Banner-page-scaled.jpg]
[kingsclub.in/wp-content/uploads/2021/03/Testimonials-Background-scaled.jpg]
[kingsclub.in/wp-content/uploads/elementor/css/post-7744ee2.css]
[kingsclub.in/indexa8d4.html]
[kingsclub.in/wp-content/uploads/2021/02/BILLIARDS-banner-image.jpg]
[kingsclub.in/wp-content/uploads/elementor/css/post-7017af4.css]
[kingsclub.in/index6fe2.html]
[kingsclub.in/wp-content/uploads/2021/02/banquit-cover-page-1-scaled.jpg]
[kingsclub.in/wp-content/uploads/elementor/css/post-692ac2c.css]
[kingsclub.in/wp-content/cache/wpfc-minified/2agy5r1n/9xkn1.css]
[kingsclub.in/index820c.html]
[kingsclub.in/wp-content/uploads/elementor/css/post-63858a5.css]
[kingsclub.in/indexc9fb.html]
[kingsclub.in/wp-content/uploads/2021/03/Introduction-of-cafereria.jpg]
[kingsclub.in/wp-content/uploads/elementor/css/post-627c5ab.css]
[kingsclub.in/indexf763.html]
[kingsclub.in/wp-content/uploads/2021/02/Restro-Bar-banner-image-1.jpg]
[kingsclub.in/wp-content/uploads/elementor/css/post-8653c24.css]
[kingsclub.in/index2d45.html]
[kingsclub.in/wp-content/uploads/elementor/css/post-882874e.css]
[kingsclub.in/index8381.html]
[kingsclub.in/wp-content/uploads/2021/03/Restaurant-banner-image.jpg]
[kingsclub.in/wp-content/uploads/elementor/css/post-88748cc.css]
[kingsclub.in/index8eb0.html]
[kingsclub.in/wp-content/uploads/2021/02/about-us-banner-image.jpg]
[kingsclub.in/wp-content/uploads/elementor/css/post-295897a.css]
[kingsclub.in/index1422.html]
[kingsclub.in/wp-content/uploads/elementor/css/post-38c6f.css]
[kingsclub.in/index2207.html]
[kingsclub.in/xmlrpc.php]
[kingsclub.in/wp-content/uploads/elementor/css/post-1421c4bc.css]
[kingsclub.in/index8303.html]
[kingsclub.in/wp-content/uploads/elementor/css/post-1427282c.css]
[kingsclub.in/index157d.html]
[kingsclub.in/wp-content/uploads/elementor/css/post-2465d952.css]
[kingsclub.in/indexae85.html]
[kingsclub.in/wp-content/plugins/ht-mega-for-elementor/assets/css/img/gallery/bgDescription.html]
[kingsclub.in/wp-content/plugins/ht-mega-for-elementor/assets/css/img/gallery/gallery-e1.html]
[kingsclub.in/wp-content/plugins/ht-mega-for-elementor/assets/images/icons/line.svg]
[kingsclub.in/wp-content/plugins/ht-mega-for-elementor/assets/css/img/others/business-shape.html]
[kingsclub.in/wp-content/plugins/ht-mega-for-elementor/assets/css/img/bg/bg-image-40.html]
[kingsclub.in/wp-content/uploads/2021/03/Reservation-banner-image.jpg]
[kingsclub.in/wp-content/uploads/elementor/css/post-5728625.css]
[kingsclub.in/index273a.html]
[kingsclub.in/wp-content/uploads/elementor/css/post-26062b80.css]
[kingsclub.in/index39c7.html]
[kingsclub.in/wp-content/uploads/2023/07/kingsclub-barbeque.jpg-1-1.jpg]
[kingsclub.in/wp-content/uploads/elementor/css/post-2569c6e9.css]
[kingsclub.in/index2233.html]
[kingsclub.in/wp-content/uploads/2023/02/banquet-1-scaled.jpg]
[kingsclub.in/wp-content/uploads/elementor/css/post-2331809c.css]
[kingsclub.in/index988d.html]
[kingsclub.in/wp-content/plugins/ht-mega-for-elementor/assets/css/DataTables-1.10.18/images/sort_both.html]
