[www.area83.in/index.html]
[www.area83.in/assets/img/favicon.png]
[www.area83.in/assets/vendors/font-awesome/css/font-awesome.css]
[www.area83.in/assets/vendors/material-design-icons/material-icons.css]
[www.area83.in/assets/dist/mmenu-light.css]
[www.area83.in/assets/css/fonts/icomoon/icomoon.css]
[www.area83.in/assets/vendors/animate/animate.css]
[www.area83.in/assets/css/bootstrap.css]
[www.area83.in/assets/vendors/owl-carousel/owl.carousel.css]
[www.area83.in/assets/vendors/owl-carousel/owl.theme.css]
[www.area83.in/assets/vendors/fancybox/jquery.fancybox.css]
[www.area83.in/assets/css/main.css]
[www.area83.in/assets/css/custom.css]
[www.area83.in/assets/css/demo.css]
[www.area83.in/assets/dist/partialviewslider.css]
[www.area83.in/assets/css/lightbox.min.css]
[www.area83.in/assets/flatpickr/flatpickr.css]
[www.area83.in/js/sweetalerts/sweetalert2.min.css]
[connect.facebook.net/en_US/fbevents.js]
[backblue.gif]
[fade.gif]
[index.html]
[npmcdn.com/flickity@2/dist/flickity.pkgd.13.delayed]
[npmcdn.com/flickity@2.3.0/dist/flickity.pkgd.js]
[www.area83.in/assets/css/thumbnail-carousel.css]
[www.area83.in/assets/dist/lity.css]
[www.area83.in/assets/vendors/jquery/jquery-2.1.4.min.js]
[www.area83.in/assets/dist/lity.js]
[www.area83.in/assets/img/area-83-logo.png]
[www.area83.in/declaration.html]
[www.area83.in/offers.html]
[www.area83.in/contact-us.html]
[www.area83.in/activities.html]
[www.area83.in/activity/archery-tag.html]
[www.area83.in/activity/bubble-soccer.html]
[www.area83.in/activity/cricket-simulator.html]
[www.area83.in/activity/dirt-kart.html]
[www.area83.in/activity/giant-swing.html]
[www.area83.in/activity/human-foosball.html]
[www.area83.in/activity/kayaking.html]
[www.area83.in/activity/keypunch.html]
[www.area83.in/activity/low-rope-course.html]
[www.area83.in/activity/magic-turtle.html]
[www.area83.in/activity/meltdown.html]
[www.area83.in/activity/paintball.html]
[www.area83.in/activity/pipeline.html]
[www.area83.in/activity/pyramid-builder.html]
[www.area83.in/activity/rocket-ejector.html]
[www.area83.in/activity/sky-swing.html]
[www.area83.in/activity/superman.html]
[www.area83.in/activity/tree-climbing.html]
[www.area83.in/activity/water-cycle.html]
[www.area83.in/adventure-packages.html]
[www.area83.in/night-adventure-packages.html]
[www.area83.in/accommodation.html]
[www.area83.in/room/chalet.html]
[www.area83.in/ElementImages/a24fe00a-2018-4335-9baa-070f0969358b_act.jpg]
[www.area83.in/room/suite-room.html]
[www.area83.in/ElementImages/3fe09bf4-bbe0-4af8-8e30-42ca397bd13a_act.jpg]
[www.area83.in/room/villa-house.html]
[www.area83.in/ElementImages/8ec022c7-7edb-4629-b4dc-c0725aac149e_act.jpg]
[www.area83.in/experiences.html]
[www.area83.in/events.html]
[www.area83.in/event/pre-wedding-ceremony.html]
[www.area83.in/ElementImages/d7de37c7-afd1-4d43-b082-5440aa2c3706_act.jpg]
[www.area83.in/event/wedding-resort-in-bangalore.html]
[www.area83.in/ElementImages/700a0580-7a3b-4739-a879-f93ae70c422c_act.jpg]
[www.area83.in/event/baby-shower.html]
[www.area83.in/ElementImages/78d9f42e-547b-477f-8fe1-688b0ec8e774_act.jpg]
[www.area83.in/event/birthdays.html]
[www.area83.in/ElementImages/c3c54f6e-fe83-41c5-b813-b9cb01f67e55_act.jpg]
[www.area83.in/corporate-dayouting.html]
[www.area83.in/mice.html]
[www.area83.in/cart.html]
[www.area83.in/assets/img/video/Area-83-Promo-new.mp4]
[www.area83.in/assets/img/activities.webp]
[www.area83.in/assets/img/unique-stays.webp]
[www.area83.in/assets/img/events.webp]
[www.area83.in/assets/img/icons/activities/archery-tag.png]
[www.area83.in/assets/img/icons/activities/bubble-soccer.png]
[www.area83.in/assets/img/icons/activities/giant-swing.png]
[www.area83.in/assets/img/icons/activities/paintball.png]
[www.area83.in/assets/img/icons/activities/tree-climbing.png]
[www.area83.in/assets/img/icons/activities/sky-swing.png]
[www.area83.in/assets/img/icons/activities/water-cycle.png]
[www.area83.in/activity/dirtcart.html]
[www.area83.in/assets/img/icons/activities/dirtcart.png]
[www.area83.in/assets/img/icons/activities/human-foosball.png]
[www.area83.in/assets/img/icons/activities/kayaking.png]
[www.area83.in/assets/img/icons/activities/key-punch.png]
[www.area83.in/assets/img/icons/activities/low-rope-course.png]
[www.area83.in/assets/img/icons/activities/meltdown.png]
[www.area83.in/assets/img/icons/activities/pipeline.png]
[www.area83.in/assets/img/icons/activities/pyramid-builder.png]
[www.area83.in/assets/img/icons/activities/turtle.png]
[www.area83.in/assets/img/icons/stays/chalet.png]
[www.area83.in/assets/img/icons/stays/suite.png]
[www.area83.in/assets/img/icons/stays/villa.png]
[www.area83.in/book-now.html]
[www.area83.in/assets/img/icons/events/wedding.png]
[www.area83.in/assets/img/icons/events/celebrations.png]
[www.area83.in/assets/img/icons/activities/baby-shower.png]
[www.area83.in/assets/img/icons/activities/wedding-arch.png]
[www.area83.in/assets/img/icons/events/corporate-meeting.png]
[www.area83.in/assets/img/home/wedding/w3.jpg]
[www.area83.in/assets/img/home/wedding/wedding-6.webp]
[www.area83.in/assets/img/home/wedding/w1.jpg]
[www.area83.in/assets/img/home/wedding/w2.jpg]
[www.area83.in/assets/img/home/wedding/w4.jpg]
[www.area83.in/assets/img/home/rooms/suite-room3.webp]
[www.area83.in/assets/img/home/rooms/villa1.webp]
[www.area83.in/assets/img/home/rooms/accommodation1.webp]
[www.area83.in/assets/img/home/rooms/suite-room4.webp]
[www.area83.in/assets/img/home/rooms/accommodation2.webp]
[www.area83.in/assets/img/corporate/1.jpg]
[www.area83.in/assets/img/corporate/2.jpg]
[www.area83.in/assets/img/corporate/3.jpg]
[www.area83.in/assets/img/corporate/4.jpg]
[static.elfsight.com/platform/platform.js]
[www.area83.in/assets/img/home-icons/experience.png]
[www.area83.in/assets/img/home-icons/support.png]
[www.area83.in/assets/img/home-icons/security.png]
[www.area83.in/assets/img/phone-call.png]
[www.area83.in/about-us.html]
[www.area83.in/career.html]
[www.area83.in/blogs.html]
[www.area83.in/Clients.html]
[www.area83.in/faq.html]
[www.area83.in/terms-and-conditions.html]
[www.area83.in/privacy-policy.html]
[www.area83.in/cancellation-policy.html]
[www.area83.in/assets/dist/mmenu-light.js]
[www.area83.in/assets/vendors/bootstrap/javascripts/bootstrap.min.js]
[www.area83.in/assets/vendors/jquery-placeholder/jquery.placeholder.min.js]
[www.area83.in/assets/vendors/match-height/jquery.matchHeight.js]
[www.area83.in/assets/vendors/wow/wow.min.js]
[www.area83.in/assets/vendors/waypoint/waypoints.min.js]
[www.area83.in/assets/vendors/counter-up/jquery.counterup.min.js]
[www.area83.in/assets/vendors/jquery-ui/jquery-ui.min.js]
[www.area83.in/assets/vendors/fancybox/jquery.fancybox.js]
[www.area83.in/assets/vendors/owl-carousel/owl.carousel.min.js]
[www.area83.in/assets/vendors/jcf/js/jcf.js]
[www.area83.in/assets/vendors/sticky-kit/sticky-kit.js]
[www.area83.in/assets/js/sticky-kit-init.js]
[www.area83.in/assets/js/jquery.main.js]
[www.area83.in/assets/js/lightbox-plus-jquery.min.js]
[www.area83.in/js/custom_v1.js]
[www.area83.in/assets/js/secondary-menubar.js]
[www.area83.in/assets/vendors/jquery.min.js]
[www.area83.in/assets/dist/partialviewslider.js]
[www.area83.in/js/sweetalerts/sweetalert.js]
[www.area83.in/js/sweetalerts/sweetalert2.min.js]
[www.area83.in/index.html]
[www.area83.in/assets/flatpickr/flatpickr.js]
[www.area83.in/assets/vendors/font-awesome/fonts/fontawesome-webfont93e393e3.eot]
[www.area83.in/assets/vendors/font-awesome/fonts/fontawesome-webfontd41dd41d.eot]
[www.area83.in/assets/vendors/font-awesome/fonts/fontawesome-webfont93e393e3.woff2]
[www.area83.in/assets/vendors/font-awesome/fonts/fontawesome-webfont93e393e3.woff]
[www.area83.in/assets/vendors/font-awesome/fonts/fontawesome-webfont93e393e3.ttf]
[www.area83.in/assets/vendors/font-awesome/css/font-awesome.css]
[www.area83.in/assets/vendors/font-awesome/fonts/fontawesome-webfont93e393e3.svg]
[www.area83.in/assets/vendors/material-design-icons/MaterialIcons-Regular.eot]
[www.area83.in/assets/vendors/material-design-icons/MaterialIcons-Regular.woff2]
[www.area83.in/assets/vendors/material-design-icons/MaterialIcons-Regular.woff]
[www.area83.in/assets/vendors/material-design-icons/MaterialIcons-Regular.ttf]
[www.area83.in/assets/vendors/material-design-icons/material-icons.css]
[www.area83.in/assets/dist/mmenu-light.css]
[www.area83.in/assets/fonts/icomoon/icomoon8ce78ce7.eot]
[www.area83.in/assets/fonts/icomoon/icomoon8ce78ce7.ttf]
[www.area83.in/assets/fonts/icomoon/icomoon8ce78ce7.woff]
[www.area83.in/assets/css/fonts/icomoon/icomoon.css]
[www.area83.in/assets/vendors/animate/animate.css]
[www.area83.in/assets/css/bootstrap.css]
[www.area83.in/assets/fonts/icomoon/icomoon8ce78ce7.svg]
[www.area83.in/assets/vendors/owl-carousel/grabbing.png]
[www.area83.in/assets/vendors/owl-carousel/owl.carousel.css]
[www.area83.in/assets/vendors/owl-carousel/AjaxLoader.gif]
[www.area83.in/assets/vendors/owl-carousel/owl.theme.css]
[www.area83.in/assets/vendors/fancybox/fancybox_sprite.png]
[www.area83.in/assets/vendors/fancybox/fancybox_loading.gif]
[www.area83.in/assets/vendors/fancybox/blank.gif]
[www.area83.in/assets/vendors/fancybox/fancybox_overlay.png]
[www.area83.in/assets/vendors/fancybox/fancybox_sprite@2x.png]
[www.area83.in/assets/vendors/fancybox/fancybox_loading@2x.gif]
[www.area83.in/assets/vendors/fancybox/jquery.fancybox.css]
[www.area83.in/assets/img/home-bg.jpg]
[www.area83.in/assets/img/footer-pattern.png]
[www.area83.in/assets/img/bgs/bg3-1.webp]
[www.area83.in/assets/img/new-bgs/bg-6.jpg]
[www.area83.in/assets/img/quote.png]
[www.area83.in/assets/img/row-bgimage-01.jpg]
[www.area83.in/assets/img/banner/new/banner2.webp]
[www.area83.in/assets/img/corporate/mice.png]
[www.area83.in/assets/img/page-sec-bg.png]
[www.area83.in/assets/img/new-bgs/eventsbanner.png]
[www.area83.in/assets/img/banner/new/bg4.png]
[www.area83.in/assets/img/banner/new/bg3.png]
[www.area83.in/assets/css/main.css]
[www.area83.in/assets/img/bgs/bgs/banner.webp]
[www.area83.in/assets/img/bg-1.jpg]
[www.area83.in/assets/img/new-bgs/about-banner.png]
[www.area83.in/assets/img/adventure.png]
[www.area83.in/assets/img/accommodation.png]
[www.area83.in/assets/img/banner/blogs-banner.webp]
[www.area83.in/assets/img/sliders/banner2.webp]
[www.area83.in/assets/img/sliders/banner5.webp]
[www.area83.in/assets/img/banner/testimonialbg.png]
[www.area83.in/assets/img/banner/career-banner.png]
[www.area83.in/assets/img/room-banner.webp]
[www.area83.in/assets/img/banner/banner39.png]
[www.area83.in/assets/img/banner/banner40.png]
[www.area83.in/assets/img/banner/new/banner3.webp]
[www.area83.in/assets/img/bgs/bg3.webp]
[www.area83.in/assets/img/experience-bg.webp]
[www.area83.in/assets/img/banner/new/bg01.jpg]
[www.area83.in/assets/img/bgs/bg-1new.png]
[www.area83.in/assets/img/banner/privacy-policy.png]
[www.area83.in/assets/img/banner/career-banner-new.png]
[www.area83.in/assets/img/banner/new/banner8.webp]
[www.area83.in/assets/img/banner/new/experience-banner.webp]
[www.area83.in/assets/img/modal-bg2.jpg]
[www.area83.in/assets/css/custom.css]
[www.area83.in/assets/css/demo.css]
[www.area83.in/assets/dist/partialviewslider.css]
[www.area83.in/assets/img/prev.png]
[www.area83.in/assets/img/next.png]
[www.area83.in/assets/img/close.png]
[www.area83.in/assets/css/lightbox.min.css]
[www.area83.in/assets/flatpickr/flatpickr.css]
[www.area83.in/js/sweetalerts/sweetalert2.min.css]
[www.area83.in/a]
[www.area83.in/POST]
[www.area83.in/b.resolvedLink]
[www.area83.in/signals/iwl.js]
[connect.facebook.net/en_US/fbevents.js]
[www.googletagmanager.com/gtm5445.html]
[www.area83.in/assets/css/thumbnail-carousel.css]
[www.area83.in/assets/dist/lity.css]
[www.area83.in/offers.html]
[www.area83.in/declaration.html]
[www.area83.in/schema.org/index.html]
[www.area83.in/WebResource09f6.js]
[www.area83.in/WebResource2fb1.js]
[www.area83.in/Default.html]
[www.area83.in/cdn-cgi/l/email-protection.html]
[www.area83.in/capcha7e83.jpg]
[www.area83.in/capchac3b9.jpg]
[www.area83.in/assets/img/refresh.jpg]
[www.area83.in/contact-us.html]
[www.area83.in/cdn-cgi/scripts/5c5dd728/cloudflare-static/email-decode.min.js]
[www.area83.in/ElementImages/9b9da624-c45b-4dd6-99be-1ca3c8584d44_act.png]
[www.area83.in/ElementImages/673b8900-70b3-49aa-a043-ccc5a357f6f8_act.png]
[www.area83.in/ElementImages/380df8cc-70e2-4d4c-ac40-8d7a81ed081f_act.webp]
[www.area83.in/ElementImages/f9d2057b-783e-4f2f-81e4-f3319977b4a4_act.png]
[www.area83.in/ElementImages/de4dba93-5535-4bc6-9ed4-faf9cfc7b5eb_act.png]
[www.area83.in/ElementImages/1cf35193-e554-4321-b28f-cc1b18bf312d_act.jpg]
[www.area83.in/activity/ai-cricket.html]
[www.area83.in/ElementImages/89ac55cb-db31-4b0b-be32-d5e7f1076f55_act.jpg]
[www.area83.in/ElementImages/213a2dc9-fb94-4340-83b5-328ad2e5f2e4_act.webp]
[www.area83.in/ElementImages/73f71ce3-61ec-4a61-b6b7-9c99abb45c9e_act.webp]
[www.area83.in/ElementImages/3c4bf45f-7a7b-4723-b991-a5bdf79eb321_act.png]
[www.area83.in/ElementImages/ffda1ab4-ec97-4859-bcba-29a3c89a0d76_act.png]
[www.area83.in/ElementImages/7e4a33aa-9986-40c6-a7a0-37a5173a3733_act.webp]
[www.area83.in/ElementImages/97757bb5-a536-421b-8a90-c4018688bca4_act.webp]
[www.area83.in/ElementImages/f55133db-5c55-46ff-98b1-021e747ce02e_act.webp]
[www.area83.in/ElementImages/3aec6aa6-0c69-4224-a064-748e382a5703_act.webp]
[www.area83.in/ElementImages/9421477e-ee7f-4ff1-82e5-3d30b8ed6ab7_act.jpg]
[www.area83.in/ElementImages/585094e2-9d13-4c8e-b24f-605ff07c6162_act.png]
[www.area83.in/ElementImages/b219af87-983a-4785-8767-9f11880ee60a_act.webp]
[www.area83.in/ElementImages/3a160aea-1df5-4c00-a99a-76a78c1053c7_act.png]
[www.area83.in/activities.html]
[www.area83.in/ElementImages/f6732e5d-c262-4fa9-8ee6-a3ed0d911002_act.png]
[www.area83.in/ElementImages/5dec90a4-5dc3-4ffb-bad3-c6437682765e_gallery.jpg]
[www.area83.in/ElementImages/227c92bc-a03d-49e6-89dc-8e4443a707dc_gallery.jpg]
[www.area83.in/ElementImages/e0096bcd-2bf2-472c-8912-25e2979014a0_gallery.jpg]
[www.area83.in/ElementImages/22b7e805-3469-4e31-8110-c50e7e107b03_gallery.jpg]
[www.area83.in/ElementImages/265ba76b-a3f6-43a0-b494-f0576bd30e9d_gallery.jpg]
[www.area83.in/ElementImages/e9e85047-1018-4f4e-b841-913f66b858bb-ProdcuctImg_amenitie.png]
[www.area83.in/ElementImages/7a8aca7f-db37-4372-9c77-a49a5040eaad-ProdcuctImg_amenitie.png]
[www.area83.in/ElementImages/49c7be06-dd6b-4435-b845-14041755f578-ProdcuctImg_amenitie.png]
[www.area83.in/ElementImages/4882cd73-af43-4e97-ab23-0707bd44c800-ProdcuctImg_amenitie.png]
[www.area83.in/activity/archery-tag.html]
[www.area83.in/ElementImages/fcc235c7-de98-4c1e-8915-687dae571e66_gallery.jpg]
[www.area83.in/ElementImages/c1c3f889-e1b4-4688-97c5-499f2d1c0a91_gallery.jpg]
[www.area83.in/ElementImages/835c4abe-906a-4099-85ad-332a5192edef_gallery.jpg]
[www.area83.in/ElementImages/1387ad17-fb28-4561-af63-dcc286c36901_gallery.jpg]
[www.area83.in/ElementImages/f1f8d644-f67c-42c8-9859-23bed3c9bff1_gallery.jpg]
[www.area83.in/activity/bubble-soccer.html]
[www.area83.in/ElementImages/24e399bc-0043-4490-8388-d9a086d2595b-ProdcuctImg_amenitie.png]
[www.area83.in/ElementImages/5446db1a-8370-4f51-9b4a-d8db26e5d048-ProdcuctImg_amenitie.png]
[www.area83.in/ElementImages/812240c9-aac7-4dfd-b88f-cf8bb9a47421-ProdcuctImg_amenitie.png]
[www.area83.in/ElementImages/158ae681-eec2-4f5b-bec8-bb48afc4b9f5-ProdcuctImg_amenitie.png]
[www.area83.in/ElementImages/b3d918dd-67ce-4822-8e53-fb836ad930cb-ProdcuctImg_amenitie.png]
[www.area83.in/ElementImages/57ea510c-9819-45b8-9244-2ff436b3605a-ProdcuctImg_amenitie.png]
[www.area83.in/ElementImages/5922271a-3114-4a3d-8734-22d6c86305ef-ProdcuctImg_amenitie.png]
[www.area83.in/ElementImages/a4355c83-9990-459a-ba09-48775e82bcbb-ProdcuctImg_amenitie.png]
[www.area83.in/ElementImages/9421c42d-4ab1-4cd0-93a9-56533a9cd762-ProdcuctImg_amenitie.png]
[www.area83.in/ElementImages/b7997486-8ebe-4ecd-88e9-f8cae275ab9d-ProdcuctImg_amenitie.png]
[www.area83.in/ElementImages/63f1d572-533c-4dce-8277-a9a3ec950f79-ProdcuctImg_amenitie.png]
[www.area83.in/ElementImages/19d23601-85a8-4106-b547-89168233cf20-ProdcuctImg_amenitie.png]
[www.area83.in/ElementImages/b53c4197-9666-49bf-ba7b-894baf2a8f24-ProdcuctImg_amenitie.png]
[www.area83.in/ElementImages/0ec001b1-ee67-49ed-a0fc-469ec87f17cd-ProdcuctImg_amenitie.png]
[www.area83.in/ElementImages/fd2afc52-d16a-4f05-bd21-bc80f1354b34-ProdcuctImg_amenitie.png]
[www.area83.in/ElementImages/98fe6dfc-d954-4c5f-a57b-4b7dd6fd59ff-ProdcuctImg_amenitie.png]
[www.area83.in/activity/cricket-simulator.html]
[www.area83.in/activity/dirt-kart.html]
[www.area83.in/ElementImages/93335ac4-6b86-4aa7-b82a-845037e24dc9_gallery.jpg]
[www.area83.in/ElementImages/52c077eb-c020-4ca8-955b-effc2d2ddc42_gallery.jpg]
[www.area83.in/ElementImages/7f311dd8-59c6-4548-8c83-b0da133d1e15_gallery.jpg]
[www.area83.in/ElementImages/e6b562b8-021d-4dfe-bc4c-4c1e6a78d2ee_gallery.jpg]
[www.area83.in/ElementImages/6494ab9f-e164-415a-ac4a-41321ef76022_gallery.jpg]
[www.area83.in/activity/giant-swing.html]
[www.area83.in/ElementImages/c6d7a295-4efa-4de3-9e0c-7de75a9f54da_gallery.jpg]
[www.area83.in/ElementImages/7a8434a3-0eb8-420e-b996-548f34c1286f_gallery.jpg]
[www.area83.in/ElementImages/dbd20004-740e-4172-a104-cd8f6e9d5cfa_gallery.jpg]
[www.area83.in/ElementImages/1a5cb354-bcf3-4925-98b0-3a28a4ee28be_gallery.jpg]
[www.area83.in/ElementImages/67a3f260-b86c-4c02-9931-c94b55167748_gallery.jpg]
[www.area83.in/activity/human-foosball.html]
[www.area83.in/ElementImages/77087451-5713-4ede-8bad-24aaab4db56a_gallery.jpg]
[www.area83.in/ElementImages/dc4b2849-02ff-4785-a1c4-cedef887f3e6_gallery.jpg]
[www.area83.in/ElementImages/45e0565a-e7c7-4aac-9fee-9804ad0a9cc7_gallery.jpg]
[www.area83.in/ElementImages/f2cc193b-e8e2-4bff-9fe8-9e81d27d7a52_gallery.jpg]
[www.area83.in/ElementImages/50dae2d5-d2e7-404d-8828-88e77903385d_gallery.jpg]
[www.area83.in/activity/kayaking.html]
[www.area83.in/activity/keypunch.html]
[www.area83.in/activity/low-rope-course.html]
[www.area83.in/activity/magic-turtle.html]
[www.area83.in/ElementImages/7bf8f02a-855d-447c-917d-5f5257f0b376_gallery.webp]
[www.area83.in/activity/meltdown.html]
[www.area83.in/ElementImages/3e0c569e-67f7-4633-a6f1-108d848de39f_gallery.jpg]
[www.area83.in/ElementImages/ae837f01-8de8-430e-8b1a-6408dd9d728d_gallery.jpg]
[www.area83.in/ElementImages/4ec7aaf2-8291-4c20-9970-36b9a77f1f8f_gallery.jpg]
[www.area83.in/ElementImages/2085ec68-471d-4d36-983b-82c7e6551244_gallery.jpg]
[www.area83.in/ElementImages/eb434236-6465-4aaa-8ef4-b10a4302930c_gallery.jpg]
[www.area83.in/activity/paintball.html]
[www.area83.in/activity/pipeline.html]
[www.area83.in/activity/pyramid-builder.html]
[www.area83.in/activity/rocket-ejector.html]
[www.area83.in/ElementImages/9d9d975a-6b87-406a-99ca-4fa356fd2716_gallery.mp4]
[www.area83.in/activity/sky-swing.html]
[www.area83.in/activity/superman.html]
[www.area83.in/ElementImages/9efd7492-e09f-4a15-8f6f-d4ed5fbc36b6_gallery.jpg]
[www.area83.in/ElementImages/b9fc6fbf-86d8-4c3f-9d8d-b634603234cc_gallery.jpg]
[www.area83.in/ElementImages/ca466a04-91c9-4a8e-8ae1-2b8f69bf1886_gallery.jpg]
[www.area83.in/ElementImages/de234409-1186-4f19-b78d-c8c343e27de1_gallery.jpg]
[www.area83.in/ElementImages/56a2888a-81ef-43cd-a828-5a47a51a8d5a_gallery.jpg]
[www.area83.in/activity/tree-climbing.html]
[www.area83.in/ElementImages/95daf6fb-3a9a-4973-b4f2-720fb615eca7_gallery.jpg]
[www.area83.in/ElementImages/d4f96af3-7a14-4386-b088-9ede4fad847e_gallery.jpg]
[www.area83.in/ElementImages/89358be5-91ad-4ac6-9a78-920a98c2859a_gallery.jpg]
[www.area83.in/ElementImages/00bee3e6-f2de-46fb-a872-4a6daab7a5d0_gallery.jpg]
[www.area83.in/ElementImages/cc81a79e-4a5e-42cd-975a-4a7ee8f3bb64_gallery.jpg]
[www.area83.in/activity/water-cycle.html]
[www.area83.in/Admin/plugins/flatpickr/flatpickr.css]
[www.area83.in/Admin/plugins/flatpickr/flatpickr.js]
[www.area83.in/js/adventure_booking.js]
[www.area83.in/assets/img/success.gif]
[www.area83.in/adventure-packages.html]
[www.area83.in/js/jquery-3.6.0.min.js]
[www.area83.in/assets/snackbar/snackbar.min.css]
[www.area83.in/night-adventure-packages.html]
[www.area83.in/accommodation.html]
[www.area83.in/assets/snackbar/snackbar.min.js]
[www.area83.in/ElementImages/c7097f93-0dd3-40a1-95b4-07e06f25877b_rgallery.jpg]
[www.area83.in/ElementImages/2a0a838e-5292-41c8-badb-eb72a9b46652_rgallery.jpg]
[www.area83.in/ElementImages/91e37c43-5c28-42b6-876f-835c75c4e631_rgallery.jpg]
[www.area83.in/ElementImages/c3e774ce-6d57-4b84-9f15-867ce6cf9f3b_rgallery.jpg]
[www.area83.in/ElementImages/9b70b3ca-2115-48b0-b37c-4f5ba6cebc93_rgallery.jpg]
[www.area83.in/assets/img/rooms/amenities/guests.png]
[www.area83.in/assets/img/rooms/amenities/bed.png]
[www.area83.in/assets/img/rooms/amenities/bath-tub.png]
[www.area83.in/assets/img/rooms/amenities/check-in.png]
[www.area83.in/assets/img/rooms/amenities/complimentary-breakfast.png]
[www.area83.in/assets/img/rooms/amenities/checkout.png]
[www.area83.in/room/chalet.html]
[www.area83.in/assets/img/rooms/amenities/swimming-pool.png]
[www.area83.in/ElementImages/5bf8a789-2234-4321-921d-da46e0660d3b_rgallery.jpg]
[www.area83.in/ElementImages/571b2be3-4255-4dbc-88a5-725ed6243ab8_rgallery.jpg]
[www.area83.in/ElementImages/27298d1d-86cd-4991-80c8-fd25e32414f7_rgallery.jpg]
[www.area83.in/ElementImages/b3178af5-8844-435f-a3f3-398c479231a0_rgallery.jpg]
[www.area83.in/ElementImages/748daf8f-a419-4bcf-a567-0e73f4edb584_rgallery.jpg]
[www.area83.in/room/suite-room.html]
[www.area83.in/ElementImages/307f6b96-a8cd-46de-9c95-19c5f20be4da_rgallery.jpg]
[www.area83.in/ElementImages/135ab170-3397-4204-b018-147055c3aec5_rgallery.jpg]
[www.area83.in/ElementImages/6af2f3ec-6d09-47e1-abbb-db1d1821d8fb_rgallery.jpg]
[www.area83.in/ElementImages/7010a1de-2c8c-4e90-9f4d-ea50a6f40817_rgallery.jpg]
[www.area83.in/ElementImages/afffee81-8baa-40d8-a819-bee836b69468_rgallery.jpg]
[www.area83.in/room/villa-house.html]
[www.area83.in/experience/restaurant.html]
[www.area83.in/ElementImages/e3ecc61c-a701-48e7-883e-e2ec7eeebd5b_act.jpg]
[www.area83.in/ElementImages/18cc6ba6-6425-42c8-ab3e-28f2e2bae2cf_act.jpg]
[www.area83.in/experience/photoshoot.html]
[www.area83.in/experience/dinner-at-lakeside.html]
[www.area83.in/ElementImages/3b380944-7487-4d3b-ac14-e06c02d005a3_act.jpg]
[www.area83.in/ElementImages/27907f79-62ed-4481-b2ed-67535e6e2ff7_act.jpg]
[www.area83.in/experience/live-music.html]
[www.area83.in/experience/bonfire-experience.html]
[www.area83.in/ElementImages/ac26e913-6907-41f5-b723-aecbdb2afaea_act.jpg]
[www.area83.in/ElementImages/88e3b7be-2a9c-48c7-81cc-9f077b179f48_act.jpg]
[www.area83.in/experience/boating-in-bangalore.html]
[www.area83.in/experience/bird-watching.html]
[www.area83.in/ElementImages/f0618f20-1c1f-4215-8cc2-ef04347c0419_act.jpg]
[www.area83.in/ElementImages/02099b95-d426-44bf-b80c-f7f47b2d3698_act.jpg]
[www.area83.in/experience/floating-breakfast.html]
[www.area83.in/experience/riverside-resort-near-bangalore.html]
[www.area83.in/ElementImages/c62c5006-22f4-4ecd-a611-639e4f7b1a78_act.jpg]
[www.area83.in/ElementImages/95e9ac0c-aa66-4829-8062-2678253341a4_act.jpg]
[www.area83.in/experience/lake-view-resort-in-bangalore.html]
[www.area83.in/experience/resort-with-campfire-in-bangalore.html]
[www.area83.in/ElementImages/821bdd60-5ed4-43ef-943b-278d2647d55d_act.jpg]
[www.area83.in/ElementImages/23688043-38a0-4017-9112-0ea571a547db_act.jpg]
[www.area83.in/ElementImages/273e9b63-180a-4a2d-bfed-5b2e772a94a9_act.jpg]
[www.area83.in/experience/candle-light-dinner-in-bangalore.html]
[www.area83.in/experience/resort-in-bangalore-for-bachelor-or-bachelorette-party.html]
[www.area83.in/ElementImages/5a00f14f-e135-4481-ac1e-1767173280cf_act.jpg]
[www.area83.in/experience/resort-in-bangalore-for-anniversary-celebration.html]
[www.area83.in/ElementImages/2921e985-32d8-48a0-841f-7e9f9e097290_act.png]
[www.area83.in/experience/resort-with-private-pool-in-bangalore.html]
[www.area83.in/ElementImages/f7b6d02b-c3bf-4afb-9be7-48834b45dc56_act.jpg]
[www.area83.in/experiences.html]
[www.area83.in/experience/resort-in-bannerghatta-road-for-day-outing.html]
[www.area83.in/event/company-annual-day.html]
[www.area83.in/events.html]
[www.area83.in/ElementImages/7fd67dd2-35d7-40d4-8317-7b95b0bf5ff5_act.jpg]
[www.area83.in/ElementImages/f9426d2a-0f7c-4356-bdb3-d0b1e62bdc82_rgallery.webp]
[www.area83.in/ElementImages/46fe1308-2dff-4bb5-bc22-a51bcaa1754c_rgallery.webp]
[www.area83.in/ElementImages/02970503-2629-4ab9-a2bf-760e11e0cc23_rgallery.webp]
[www.area83.in/ElementImages/fb7d2de6-3795-42f0-bb2f-fc34a098e29d_rgallery.webp]
[www.area83.in/assets/img/events/icons/accommodation.png]
[www.area83.in/assets/img/events/icons/cuisine.png]
[www.area83.in/assets/img/events/why-us/park.png]
[www.area83.in/assets/img/events/why-us/lake.png]
[www.area83.in/assets/img/events/why-us/waves.png]
[www.area83.in/assets/img/events/why-us/leaves.png]
[www.area83.in/assets/img/events/why-us/plot.png]
[www.area83.in/assets/img/events/why-us/wind.png]
[www.area83.in/assets/img/events/why-us/living-room.png]
[www.area83.in/capchac377.jpg]
[www.area83.in/assets/img/profile.png]
[www.area83.in/assets/img/t1.jpg]
[www.area83.in/event/pre-wedding-ceremony.html]
[www.area83.in/ElementImages/f5609c24-6883-4596-96cc-98aa0330f3bf_rgallery.jpg]
[www.area83.in/ElementImages/ab05392b-ad06-460c-8690-ab038ac53295_rgallery.jpg]
[www.area83.in/ElementImages/1a31a1ae-c48c-4bf5-a7ef-7651d05f276e_rgallery.jpg]
[www.area83.in/ElementImages/4a35afe8-092f-4433-871e-daad78e194fd_rgallery.jpg]
[www.area83.in/blog/resort-for-hindu-wedding-in-bangalore.html]
[www.area83.in/blog/muslim-wedding-resort-in-bangalore.html]
[www.area83.in/blog/sikh-wedding-at-area83-resort-bangalore.html]
[www.area83.in/blog/christian-wedding-at-area83.html]
[www.area83.in/blog/bengali-wedding-venue-in-bangalore.html]
[www.area83.in/blog/gujarati-wedding-at-area83.html]
[www.area83.in/blog/marathi-wedding-at-area83-resort-bangalore.html]
[www.area83.in/blog/punjabi-wedding-at-area83.html]
[www.area83.in/blog/rajasthani-wedding-at-area83-bangalore.html]
[www.area83.in/blog/kerala-elegance-the-nair-wedding-at-area83.html]
[www.area83.in/event/wedding-resort-in-bangalore.html]
[www.area83.in/capchaba78.jpg]
[www.area83.in/ElementImages/6bbecfaf-e976-4bc9-8aba-2f67e5b46dee_rgallery.jpg]
[www.area83.in/ElementImages/e9385ec5-be80-4040-a9d8-61cb19e48801_rgallery.jpg]
[www.area83.in/capcha5a37.jpg]
[www.area83.in/event/baby-shower.html]
[www.area83.in/ElementImages/6f484a05-ccf0-4140-a2ee-9e976785af3b_rgallery.jpg]
[www.area83.in/ElementImages/66e1dac8-ab52-4d0c-96c6-ce5c179197e5_rgallery.jpg]
[www.area83.in/capchabf2a.jpg]
[www.area83.in/event/birthdays.html]
[www.area83.in/corporate-dayouting-booking40ac.html]
[www.area83.in/corporate-dayouting-bookingcdef.html]
[www.area83.in/corporate-dayouting-bookingf62c.html]
[www.area83.in/corporate-dayouting.html]
[www.area83.in/corporate-dayouting-bookingdc6c.html]
[www.area83.in/assets/img/mice/mice.jpg]
[www.area83.in/assets/img/mice/icons/meetings.png]
[www.area83.in/assets/img/mice/icons/incentive.png]
[www.area83.in/assets/img/mice/icons/conference.png]
[www.area83.in/assets/img/mice/icons/exhibition.png]
[www.area83.in/assets/img/mice/1.webp]
[www.area83.in/assets/img/mice/2.webp]
[www.area83.in/assets/img/mice/3.webp]
[www.area83.in/assets/img/mice/4.webp]
[www.area83.in/assets/img/mice/5.webp]
[www.area83.in/assets/img/mice/6.webp]
[www.area83.in/assets/img/mice/7.webp]
[www.area83.in/assets/img/mice/8.webp]
[www.area83.in/mice.html]
[www.area83.in/assets/images/cart-empty.png]
[www.area83.in/cart.html]
[www.area83.in/activity/dirtcart.html]
[www.area83.in/book-now.html]
[www.area83.in/assets/img/about-us/aboutus-img-lake.png]
[www.area83.in/assets/img/about-us/aboutus-img-flowers.png]
[www.area83.in/assets/img/about-us/aboutus-img-gardens.png]
[www.area83.in/assets/img/about-us/aboutus-img-parks.png]
[www.area83.in/assets/img/about-us/about-infograph.png]
[www.area83.in/about-us.html]
[www.area83.in/assets/img/gallery/bg.jpg]
[www.area83.in/capchanum7e83.png]
[www.area83.in/career.html]
[www.area83.in/blog/feed-your-adventurous-spirit.html]
[www.area83.in/ElementImages/a65ff1fb-6c64-40b0-b233-9bab9b5f68b2-ProdcuctImg.jpg]
[www.area83.in/blog/healthy-minds-and-natural-environments.html]
[www.area83.in/ElementImages/755e5ec6-93ae-4ce2-887c-de8b6c0f66ba-ProdcuctImg.jpg]
[www.area83.in/blog/embark-on-an-eco-adventure-world-environment-day-.html]
[www.area83.in/ElementImages/0caf60c1-2881-4ec2-891d-3c1bf0427168-ProdcuctImg.jpg]
[www.area83.in/blog/resort-with-games-in-bangalore.html]
[www.area83.in/ElementImages/ac4b14d9-bcf3-410e-bbda-4633fd7234ba-ProdcuctImg.jpg]
[www.area83.in/blog/resort-in-bangalore-for-corporate-outings.html]
[www.area83.in/ElementImages/f02326dd-f1a5-4f4a-a904-a9f9d0d49894-ProdcuctImg.jpg]
[www.area83.in/blog/resort-with-outdoor-activities-in-bangalore.html]
[www.area83.in/ElementImages/4d4e6b9d-6c24-4a6a-9187-4e03837cf956-ProdcuctImg.jpg]
[www.area83.in/ElementImages/c06b9c18-9a2f-467c-87a1-d70eff6ef274-ProdcuctImg.jpg]
[www.area83.in/blog/resort-in-bangalore-for-day-outing.html]
[www.area83.in/blog/weekend-getaway-resort-from-bangalore.html]
[www.area83.in/ElementImages/b587463e-6039-4335-9708-afb965cc871e-ProdcuctImg.jpg]
[www.area83.in/ElementImages/e66f00ba-cf6c-4568-ae8b-d1c708c48922-ProdcuctImg.jpg]
[www.area83.in/blog/resort-in-bangalore-for-family.html]
[www.area83.in/blog/resort-for-couples-in-bangalore.html]
[www.area83.in/ElementImages/3f377dea-79b7-4bcf-ba63-e0af3b698c3e-ProdcuctImg.jpg]
[www.area83.in/blog/resort-in-bangalore-for-friends-day-outings.html]
[www.area83.in/ElementImages/f48e8e7b-2690-4de8-ae53-4a9f06140a96-ProdcuctImg.jpg]
[www.area83.in/ElementImages/0f529fd1-a537-4b7e-8608-c53c235adc25-ProdcuctImg.jpg]
[www.area83.in/ElementImages/fd9ad7a3-ac4d-4ce0-a490-23b97d153604-ProdcuctImg.jpg]
[www.area83.in/ElementImages/507a72b4-55c4-4405-b1fd-40ce1b14e615-ProdcuctImg.jpg]
[www.area83.in/ElementImages/17adfaf8-54d3-4bea-b1e2-2c0ba73b876c-ProdcuctImg.jpg]
[www.area83.in/ElementImages/bea2e3f6-6172-4e14-9e83-4525008a8cd2-ProdcuctImg.jpg]
[www.area83.in/ElementImages/d9b7640e-a8d8-4314-af40-67a5f05031c5-ProdcuctImg.jpg]
[www.area83.in/ElementImages/1d53c643-3c49-459a-99b3-d0c71aabb9b8-ProdcuctImg.jpg]
[www.area83.in/ElementImages/09cf0b47-5e66-4fef-8488-3a3c342466e9-ProdcuctImg.jpg]
[www.area83.in/ElementImages/7399d66b-7975-4ff5-a037-5da10326435c-ProdcuctImg.jpg]
[www.area83.in/blogs.html]
[www.area83.in/ElementImages/00781396-5f76-4a55-8a47-edd28c96f3b8-ProdcuctImg.jpg]
[www.area83.in/clients-2.html]
[www.area83.in/assets/img/about-us/about-banner.png]
[www.area83.in/Clients.html]
[www.area83.in/faq.html]
[www.area83.in/terms-and-conditions.html]
[www.area83.in/privacy-policy.html]
[www.area83.in/cancellation-policy.html]
[www.area83.in/assets/vendors/font-awesome/fonts/fontawesome-webfont93e393e3.svg]
[www.area83.in/assets/fonts/icomoon/icomoon8ce78ce7.svg]
[www.area83.in/a.html]
[www.area83.in/POST.html]
[www.area83.in/schema.org/index.html]
[www.area83.in/b.html]
[www.area83.in/signals/iwl.html]
[www.area83.in/WebResource09f6.js]
[www.area83.in/WebResource2fb1.js]
[www.area83.in/Default.html]
[www.area83.in/cdn-cgi/l/email-protection.html]
[www.area83.in/activity/ai-cricket.html]
[www.area83.in/Admin/plugins/flatpickr/flatpickr.css]
[www.area83.in/assets/snackbar/snackbar.min.css]
[www.area83.in/ElementImages/d2b3ee8d-5347-4e33-8815-40c1c301fdf6_expgal.jpg]
[www.area83.in/ElementImages/12e9a7de-7cc8-4f03-b381-9c06c38d1b17_expgal.jpg]
[www.area83.in/ElementImages/4bd00b3a-c8be-4396-9d21-2a4db65efdf0_expgal.jpg]
[www.area83.in/capcha985d.jpg]
[www.area83.in/experience/restaurant.html]
[www.area83.in/ElementImages/f22d4962-2083-428d-acb9-1cc24085fe43_expgal.jpg]
[www.area83.in/ElementImages/1d831161-c549-474b-87c8-242a6628baf4_expgal.jpg]
[www.area83.in/ElementImages/2aaa68d2-437e-48ef-9a83-aa7d6e2413d3_expgal.jpg]
[www.area83.in/capcha6a39.jpg]
[www.area83.in/experience/photoshoot.html]
[www.area83.in/ElementImages/107ae2ac-ec3a-48c1-aee4-fbe85590a7a4_expgal.jpg]
[www.area83.in/ElementImages/392b74a5-7521-4324-b708-7cbbdb8f899e_expgal.jpg]
[www.area83.in/ElementImages/4b24c104-f33d-4c97-9e95-92d525a37ca0_expgal.jpg]
[www.area83.in/capcha7709.jpg]
[www.area83.in/experience/dinner-at-lakeside.html]
[www.area83.in/ElementImages/8282e9ee-60ec-4366-b48b-93b461e6b53a_expgal.jpg]
[www.area83.in/ElementImages/86c6563f-a8d6-4d50-b4b3-b75a3e0c167a_expgal.jpg]
[www.area83.in/ElementImages/07501a86-264b-4d24-960a-05e67eb797c4_expgal.jpg]
[www.area83.in/capcha514b.jpg]
[www.area83.in/experience/live-music.html]
[www.area83.in/ElementImages/ff9caf0f-10b7-474f-b1d4-6a7b3b54d158_expgal.jpg]
[www.area83.in/ElementImages/021a2f3d-a075-41c9-a6ed-5083a7e62cde_expgal.jpg]
[www.area83.in/ElementImages/a6ab9a1c-c5de-4b0a-a060-786f3d2594e4_expgal.jpg]
[www.area83.in/capcha5588.jpg]
[www.area83.in/experience/bonfire-experience.html]
[www.area83.in/ElementImages/56f0f1e7-9d6a-4c8c-a533-5d86e0e0c31b_expgal.jpg]
[www.area83.in/ElementImages/4d39e705-9d86-4b97-ace7-40befbbbdef3_expgal.jpg]
[www.area83.in/ElementImages/0c346cfc-819e-4a4f-8df4-902848092e69_expgal.jpg]
[www.area83.in/capcha4f50.jpg]
[www.area83.in/experience/boating-in-bangalore.html]
[www.area83.in/ElementImages/b472ec39-15a7-4b04-90b9-21737a9cdeae_expgal.jpg]
[www.area83.in/ElementImages/3421fa32-c742-48ff-9385-e37f9b953725_expgal.jpg]
[www.area83.in/ElementImages/ee78ad95-535d-46dc-9693-6b7c08f20943_expgal.jpg]
[www.area83.in/capcha48a1.jpg]
[www.area83.in/experience/bird-watching.html]
[www.area83.in/ElementImages/7842485a-1ec1-4fa0-9d66-0aad01d10b6d_expgal.jpg]
[www.area83.in/ElementImages/9c53473a-4378-4831-b7ea-9273c59affb0_expgal.jpg]
[www.area83.in/ElementImages/64bf3c80-3681-4f69-89e7-bbdff4cca04f_expgal.jpg]
[www.area83.in/capcha0e29.jpg]
[www.area83.in/experience/floating-breakfast.html]
[www.area83.in/capchabdce.jpg]
[www.area83.in/experience/riverside-resort-near-bangalore.html]
[www.area83.in/ElementImages/ebdd6815-06b8-4dd8-ba59-90b83fa3b9df_expgal.jpg]
[www.area83.in/ElementImages/b250636a-bc4a-4924-98ea-b30ff0722b42_expgal.png]
[www.area83.in/capcha8f5c.jpg]
[www.area83.in/experience/lake-view-resort-in-bangalore.html]
[www.area83.in/capcha17f2.jpg]
[www.area83.in/experience/resort-with-campfire-in-bangalore.html]
[www.area83.in/ElementImages/4eda4833-4ea3-4abc-8558-1f9a025c8336_expgal.jpg]
[www.area83.in/ElementImages/8b42d533-48d9-4a5f-b876-b8e58b243f61_expgal.jpg]
[www.area83.in/ElementImages/08347d62-7702-45d9-82a5-f5c2da623114_expgal.jpg]
[www.area83.in/capcha7a0c.jpg]
[www.area83.in/experience/candle-light-dinner-in-bangalore.html]
[www.area83.in/ElementImages/c7147ff1-8820-444b-8f05-af6fbaeb11b0_expgal.jpg]
[www.area83.in/ElementImages/6784a9fc-c85b-48cf-8966-c9d0423bd3ce_expgal.jpg]
[www.area83.in/capcha6f08.jpg]
[www.area83.in/experience/resort-in-bangalore-for-bachelor-or-bachelorette-party.html]
[www.area83.in/capcha4c30.jpg]
[www.area83.in/experience/resort-in-bangalore-for-anniversary-celebration.html]
[www.area83.in/capcha1277.jpg]
[www.area83.in/experience/resort-with-private-pool-in-bangalore.html]
[www.area83.in/ElementImages/ae2dda32-3a5f-40fd-84f7-70c80f3c29c0_expgal.png]
[www.area83.in/ElementImages/23d21714-54d4-4bd0-8ef0-3fdbaead08dc_expgal.png]
[www.area83.in/capcha2216.jpg]
[www.area83.in/experience/resort-in-bannerghatta-road-for-day-outing.html]
[www.area83.in/ElementImages/dfae1242-6a61-43dd-bde5-989ebb1fa542_rgallery.jpg]
[www.area83.in/ElementImages/a5badeb6-3a08-455a-9768-976e095a58ac_rgallery.jpg]
[www.area83.in/ElementImages/49680ef7-090b-4edd-b12c-47f27927e8ae_rgallery.jpg]
[www.area83.in/ElementImages/d2135688-a5a6-46f7-83f0-1b12fb40c08d_rgallery.jpg]
[www.area83.in/capcha1dfb.jpg]
[www.area83.in/event/company-annual-day.html]
[www.area83.in/ElementImages/2b1c494d-744f-4953-a4f6-b7a0fe599a72-ProdcuctImg.jpg]
[www.area83.in/blog/resort-for-hindu-wedding-in-bangalore.html]
[www.area83.in/ElementImages/e9d4ed5a-a65a-4a0e-9fd3-dd08ce48be59-ProdcuctImg.png]
[www.area83.in/blog/muslim-wedding-resort-in-bangalore.html]
[www.area83.in/ElementImages/fa6868f4-321c-43dd-bf34-c6833f2074e3-ProdcuctImg.jpg]
[www.area83.in/blog/sikh-wedding-at-area83-resort-bangalore.html]
[www.area83.in/ElementImages/2b28a9b1-c960-41db-bc9a-ce2f7050a0b4-ProdcuctImg.jpg]
[www.area83.in/blog/christian-wedding-at-area83.html]
[www.area83.in/ElementImages/a19520be-0439-4150-8f20-4e83b7f57bf3-ProdcuctImg.jpg]
[www.area83.in/blog/bengali-wedding-venue-in-bangalore.html]
[www.area83.in/ElementImages/78a7e58c-088b-4db7-9478-9ae35932d4ab-ProdcuctImg.jpg]
[www.area83.in/blog/gujarati-wedding-at-area83.html]
[www.area83.in/ElementImages/17885be2-46a9-4c1d-9939-7d04aab5a72e-ProdcuctImg.jpg]
[www.area83.in/blog/marathi-wedding-at-area83-resort-bangalore.html]
[www.area83.in/ElementImages/12c6b29f-50a1-4def-ae46-c9f742d9c89d-ProdcuctImg.jpg]
[www.area83.in/blog/punjabi-wedding-at-area83.html]
[www.area83.in/ElementImages/c2f69801-a5f0-47c0-ab73-e02e7b847f56-ProdcuctImg.jpg]
[www.area83.in/blog/rajasthani-wedding-at-area83-bangalore.html]
[www.area83.in/ElementImages/a9ec03b3-17df-4f4f-bf7a-23914a79e602-ProdcuctImg.jpg]
[www.area83.in/blog/kerala-elegance-the-nair-wedding-at-area83.html]
[www.area83.in/corporate-dayouting-booking40ac.html]
[www.area83.in/corporate-dayouting-bookingcdef.html]
[www.area83.in/corporate-dayouting-bookingf62c.html]
[www.area83.in/corporate-dayouting-bookingdc6c.html]
[www.area83.in/corporate-dayouting-booking.html]
[www.area83.in/ElementImages/c795d891-aed7-4ab1-8406-b8652eca13f5-ProdcuctImg.jpg]
[www.area83.in/blog/feed-your-adventurous-spirit.html]
[www.area83.in/ElementImages/098cbce4-5293-4571-b809-d0010e202ab8-ProdcuctImg.jpg]
[www.area83.in/blog/healthy-minds-and-natural-environments.html]
[www.area83.in/ElementImages/9228fc50-b44d-4f1b-a7e4-8e0edcfc9475-ProdcuctImg.jpg]
[www.area83.in/blog/embark-on-an-eco-adventure-world-environment-day-.html]
[www.area83.in/ElementImages/d2c6c380-0dd2-4657-9097-bb4f01c44254-ProdcuctImg.jpg]
[www.area83.in/blog/resort-with-games-in-bangalore.html]
[www.area83.in/ElementImages/aa384133-9bc7-4a7b-b0f8-3b652671abc3-ProdcuctImg.jpg]
[www.area83.in/blog/resort-in-bangalore-for-corporate-outings.html]
[www.area83.in/ElementImages/bed9c9a0-1bba-4369-bd61-38210808f8bb-ProdcuctImg.jpg]
[www.area83.in/blog/resort-with-outdoor-activities-in-bangalore.html]
[www.area83.in/blog/resort-in-bangalore-for-day-outing.html]
[www.area83.in/ElementImages/9986b4db-9669-4262-bc7c-5c7e7a660f6f-ProdcuctImg.jpg]
[www.area83.in/blog/weekend-getaway-resort-from-bangalore.html]
[www.area83.in/ElementImages/6b55ac0d-2617-4ae2-9253-b494202a14f2-ProdcuctImg.jpg]
[www.area83.in/blog/resort-in-bangalore-for-family.html]
[www.area83.in/ElementImages/eb348389-14d3-422c-b0bb-0d3b2f9108a9-ProdcuctImg.jpg]
[www.area83.in/blog/resort-for-couples-in-bangalore.html]
[www.area83.in/blog/resort-in-bangalore-for-friends-day-outings.html]
[www.area83.in/clients-2.html]
[www.area83.in/assets/img/about-us/about-banner.html]
[www.area83.in/corporate-dayouting-booking.html]
